Archive member included to satisfy reference by file (symbol)

/usr/lib/gcc/arm-none-eabi/6.3.1/../../../arm-none-eabi/lib/thumb/v7e-m/fpv4-sp/hard/libc_nano.a(lib_a-atexit.o)
                              /usr/lib/gcc/arm-none-eabi/6.3.1/../../../arm-none-eabi/lib/thumb/v7e-m/fpv4-sp/hard/crt0.o (atexit)
/usr/lib/gcc/arm-none-eabi/6.3.1/../../../arm-none-eabi/lib/thumb/v7e-m/fpv4-sp/hard/libc_nano.a(lib_a-exit.o)
                              /usr/lib/gcc/arm-none-eabi/6.3.1/../../../arm-none-eabi/lib/thumb/v7e-m/fpv4-sp/hard/crt0.o (exit)
/usr/lib/gcc/arm-none-eabi/6.3.1/../../../arm-none-eabi/lib/thumb/v7e-m/fpv4-sp/hard/libc_nano.a(lib_a-fini.o)
                              /usr/lib/gcc/arm-none-eabi/6.3.1/../../../arm-none-eabi/lib/thumb/v7e-m/fpv4-sp/hard/crt0.o (__libc_fini_array)
/usr/lib/gcc/arm-none-eabi/6.3.1/../../../arm-none-eabi/lib/thumb/v7e-m/fpv4-sp/hard/libc_nano.a(lib_a-impure.o)
                              /usr/lib/gcc/arm-none-eabi/6.3.1/../../../arm-none-eabi/lib/thumb/v7e-m/fpv4-sp/hard/libc_nano.a(lib_a-exit.o) (_global_impure_ptr)
/usr/lib/gcc/arm-none-eabi/6.3.1/../../../arm-none-eabi/lib/thumb/v7e-m/fpv4-sp/hard/libc_nano.a(lib_a-init.o)
                              /usr/lib/gcc/arm-none-eabi/6.3.1/../../../arm-none-eabi/lib/thumb/v7e-m/fpv4-sp/hard/crt0.o (__libc_init_array)
/usr/lib/gcc/arm-none-eabi/6.3.1/../../../arm-none-eabi/lib/thumb/v7e-m/fpv4-sp/hard/libc_nano.a(lib_a-memcpy.o)
                              build/network.o (memcpy)
/usr/lib/gcc/arm-none-eabi/6.3.1/../../../arm-none-eabi/lib/thumb/v7e-m/fpv4-sp/hard/libc_nano.a(lib_a-memset.o)
                              /usr/lib/gcc/arm-none-eabi/6.3.1/../../../arm-none-eabi/lib/thumb/v7e-m/fpv4-sp/hard/crt0.o (memset)
/usr/lib/gcc/arm-none-eabi/6.3.1/../../../arm-none-eabi/lib/thumb/v7e-m/fpv4-sp/hard/libc_nano.a(lib_a-printf.o)
                              build/app_x-cube-ai.o (printf)
/usr/lib/gcc/arm-none-eabi/6.3.1/../../../arm-none-eabi/lib/thumb/v7e-m/fpv4-sp/hard/libc_nano.a(lib_a-puts.o)
                              build/app_x-cube-ai.o (puts)
/usr/lib/gcc/arm-none-eabi/6.3.1/../../../arm-none-eabi/lib/thumb/v7e-m/fpv4-sp/hard/libc_nano.a(lib_a-wbuf.o)
                              /usr/lib/gcc/arm-none-eabi/6.3.1/../../../arm-none-eabi/lib/thumb/v7e-m/fpv4-sp/hard/libc_nano.a(lib_a-puts.o) (__swbuf_r)
/usr/lib/gcc/arm-none-eabi/6.3.1/../../../arm-none-eabi/lib/thumb/v7e-m/fpv4-sp/hard/libc_nano.a(lib_a-wsetup.o)
                              /usr/lib/gcc/arm-none-eabi/6.3.1/../../../arm-none-eabi/lib/thumb/v7e-m/fpv4-sp/hard/libc_nano.a(lib_a-puts.o) (__swsetup_r)
/usr/lib/gcc/arm-none-eabi/6.3.1/../../../arm-none-eabi/lib/thumb/v7e-m/fpv4-sp/hard/libc_nano.a(lib_a-__atexit.o)
                              /usr/lib/gcc/arm-none-eabi/6.3.1/../../../arm-none-eabi/lib/thumb/v7e-m/fpv4-sp/hard/libc_nano.a(lib_a-atexit.o) (__register_exitproc)
/usr/lib/gcc/arm-none-eabi/6.3.1/../../../arm-none-eabi/lib/thumb/v7e-m/fpv4-sp/hard/libc_nano.a(lib_a-__call_atexit.o)
                              /usr/lib/gcc/arm-none-eabi/6.3.1/../../../arm-none-eabi/lib/thumb/v7e-m/fpv4-sp/hard/libc_nano.a(lib_a-__atexit.o) (__call_exitprocs)
/usr/lib/gcc/arm-none-eabi/6.3.1/../../../arm-none-eabi/lib/thumb/v7e-m/fpv4-sp/hard/libc_nano.a(lib_a-fflush.o)
                              /usr/lib/gcc/arm-none-eabi/6.3.1/../../../arm-none-eabi/lib/thumb/v7e-m/fpv4-sp/hard/libc_nano.a(lib_a-wbuf.o) (_fflush_r)
/usr/lib/gcc/arm-none-eabi/6.3.1/../../../arm-none-eabi/lib/thumb/v7e-m/fpv4-sp/hard/libc_nano.a(lib_a-findfp.o)
                              /usr/lib/gcc/arm-none-eabi/6.3.1/../../../arm-none-eabi/lib/thumb/v7e-m/fpv4-sp/hard/libc_nano.a(lib_a-printf.o) (__sinit)
/usr/lib/gcc/arm-none-eabi/6.3.1/../../../arm-none-eabi/lib/thumb/v7e-m/fpv4-sp/hard/libc_nano.a(lib_a-fwalk.o)
                              /usr/lib/gcc/arm-none-eabi/6.3.1/../../../arm-none-eabi/lib/thumb/v7e-m/fpv4-sp/hard/libc_nano.a(lib_a-findfp.o) (_fwalk)
/usr/lib/gcc/arm-none-eabi/6.3.1/../../../arm-none-eabi/lib/thumb/v7e-m/fpv4-sp/hard/libc_nano.a(lib_a-makebuf.o)
                              /usr/lib/gcc/arm-none-eabi/6.3.1/../../../arm-none-eabi/lib/thumb/v7e-m/fpv4-sp/hard/libc_nano.a(lib_a-wsetup.o) (__smakebuf_r)
/usr/lib/gcc/arm-none-eabi/6.3.1/../../../arm-none-eabi/lib/thumb/v7e-m/fpv4-sp/hard/libc_nano.a(lib_a-nano-freer.o)
                              /usr/lib/gcc/arm-none-eabi/6.3.1/../../../arm-none-eabi/lib/thumb/v7e-m/fpv4-sp/hard/libc_nano.a(lib_a-wsetup.o) (_free_r)
/usr/lib/gcc/arm-none-eabi/6.3.1/../../../arm-none-eabi/lib/thumb/v7e-m/fpv4-sp/hard/libc_nano.a(lib_a-nano-mallocr.o)
                              /usr/lib/gcc/arm-none-eabi/6.3.1/../../../arm-none-eabi/lib/thumb/v7e-m/fpv4-sp/hard/libc_nano.a(lib_a-findfp.o) (_malloc_r)
/usr/lib/gcc/arm-none-eabi/6.3.1/../../../arm-none-eabi/lib/thumb/v7e-m/fpv4-sp/hard/libc_nano.a(lib_a-nano-vfprintf.o)
[...]
Memory Configuration

Name             Origin             Length             Attributes
RAM              0x0000000020000000 0x0000000000020000 xrw
FLASH            0x0000000008000000 0x0000000000080000 xr
*default*        0x0000000000000000 0xffffffffffffffff

Linker script and memory map

LOAD /usr/lib/gcc/arm-none-eabi/6.3.1/thumb/v7e-m/fpv4-sp/hard/crti.o
LOAD /usr/lib/gcc/arm-none-eabi/6.3.1/thumb/v7e-m/fpv4-sp/hard/crtbegin.o
LOAD /usr/lib/gcc/arm-none-eabi/6.3.1/../../../arm-none-eabi/lib/thumb/v7e-m/fpv4-sp/hard/crt0.o
LOAD build/network_data.o
LOAD build/network.o
LOAD build/app_x-cube-ai.o
LOAD build/main.o
LOAD build/stm32g4xx_it.o
LOAD build/stm32g4xx_hal_msp.o
LOAD build/stm32g4xx_hal_crc.o
LOAD build/stm32g4xx_hal_crc_ex.o
LOAD build/stm32g4xx_hal.o
LOAD build/stm32g4xx_hal_rcc.o
LOAD build/stm32g4xx_hal_rcc_ex.o
LOAD build/stm32g4xx_hal_flash.o
LOAD build/stm32g4xx_hal_flash_ex.o
LOAD build/stm32g4xx_hal_flash_ramfunc.o
LOAD build/stm32g4xx_hal_gpio.o
LOAD build/stm32g4xx_hal_exti.o
LOAD build/stm32g4xx_hal_dma.o
LOAD build/stm32g4xx_hal_dma_ex.o
LOAD build/stm32g4xx_hal_pwr.o
LOAD build/stm32g4xx_hal_pwr_ex.o
LOAD build/stm32g4xx_hal_cortex.o
LOAD build/stm32g4xx_hal_tim.o
LOAD build/stm32g4xx_hal_tim_ex.o
LOAD build/system_stm32g4xx.o
LOAD build/startup_stm32g474xx.o
START GROUP
LOAD /usr/lib/gcc/arm-none-eabi/6.3.1/../../../arm-none-eabi/lib/thumb/v7e-m/fpv4-sp/hard/libc_nano.a
LOAD /usr/lib/gcc/arm-none-eabi/6.3.1/../../../arm-none-eabi/lib/thumb/v7e-m/fpv4-sp/hard/libm.a
LOAD /usr/lib/gcc/arm-none-eabi/6.3.1/../../../arm-none-eabi/lib/thumb/v7e-m/fpv4-sp/hard/libnosys.a
LOAD Middlewares/ST/AI/Lib/NetworkRuntime700_CM4_GCC.a
END GROUP
START GROUP
LOAD /usr/lib/gcc/arm-none-eabi/6.3.1/thumb/v7e-m/fpv4-sp/hard/libgcc.a
LOAD /usr/lib/gcc/arm-none-eabi/6.3.1/../../../arm-none-eabi/lib/thumb/v7e-m/fpv4-sp/hard/libc_nano.a
END GROUP
START GROUP
LOAD /usr/lib/gcc/arm-none-eabi/6.3.1/thumb/v7e-m/fpv4-sp/hard/libgcc.a
LOAD /usr/lib/gcc/arm-none-eabi/6.3.1/../../../arm-none-eabi/lib/thumb/v7e-m/fpv4-sp/hard/libc_nano.a
END GROUP
LOAD /usr/lib/gcc/arm-none-eabi/6.3.1/thumb/v7e-m/fpv4-sp/hard/crtend.o
LOAD /usr/lib/gcc/arm-none-eabi/6.3.1/thumb/v7e-m/fpv4-sp/hard/crtn.o
                0x0000000020020000                _estack = 0x20020000
                0x0000000000000800                _Min_Heap_Size = 0x800
                0x0000000000000800                _Min_Stack_Size = 0x800

.isr_vector     0x0000000008000000      0x1d8
                0x0000000008000000                . = ALIGN (0x4)
 *(.isr_vector)
 .isr_vector    0x0000000008000000      0x1d8 build/startup_stm32g474xx.o
                0x0000000008000000                g_pfnVectors
                0x00000000080001d8                . = ALIGN (0x4)

.text           0x00000000080001e0     0x6bc4
                0x00000000080001e0                . = ALIGN (0x4)
 *(.text)
 .text          0x00000000080001e0       0xa4 /usr/lib/gcc/arm-none-eabi/6.3.1/thumb/v7e-m/fpv4-sp/hard/crtbegin.o
 .text          0x0000000008000284       0x50 /usr/lib/gcc/arm-none-eabi/6.3.1/../../../arm-none-eabi/lib/thumb/v7e-m/fpv4-sp/hard/libc_nano.a(lib_a-init.o)
                0x0000000008000284                __libc_init_array
 .text          0x00000000080002d4      0x134 /usr/lib/gcc/arm-none-eabi/6.3.1/../../../arm-none-eabi/lib/thumb/v7e-m/fpv4-sp/hard/libc_nano.a(lib_a-memcpy.o)
                0x00000000080002d4                memcpy
 .text          0x0000000008000408       0x9c /usr/lib/gcc/arm-none-eabi/6.3.1/../../../arm-none-eabi/lib/thumb/v7e-m/fpv4-sp/hard/libc_nano.a(lib_a-memset.o)
                0x0000000008000408                memset
 .text          0x00000000080004a4       0x60 /usr/lib/gcc/arm-none-eabi/6.3.1/../../../arm-none-eabi/lib/thumb/v7e-m/fpv4-sp/hard/libc_nano.a(lib_a-printf.o)
                0x00000000080004a4                _printf_r
                0x00000000080004a4                _iprintf_r
                0x00000000080004d0                printf
                0x00000000080004d0                iprintf
 .text          0x0000000008000504       0xf0 /usr/lib/gcc/arm-none-eabi/6.3.1/../../../arm-none-eabi/lib/thumb/v7e-m/fpv4-sp/hard/libc_nano.a(lib_a-puts.o)
                0x0000000008000504                _puts_r
                0x00000000080005e4                puts
 .text          0x00000000080005f4       0xc4 /usr/lib/gcc/arm-none-eabi/6.3.1/../../../arm-none-eabi/lib/thumb/v7e-m/fpv4-sp/hard/libc_nano.a(lib_a-wbuf.o)
                0x00000000080005f4                __swbuf_r
                0x00000000080006a8                __swbuf
 .text          0x00000000080006b8       0xf4 /usr/lib/gcc/arm-none-eabi/6.3.1/../../../arm-none-eabi/lib/thumb/v7e-m/fpv4-sp/hard/libc_nano.a(lib_a-wsetup.o)
                0x00000000080006b8                __swsetup_r
 .text          0x00000000080007ac      0x1b0 /usr/lib/gcc/arm-none-eabi/6.3.1/../../../arm-none-eabi/lib/thumb/v7e-m/fpv4-sp/hard/libc_nano.a(lib_a-fflush.o)
                0x00000000080007ac                __sflush_r
                0x00000000080008d4                _fflush_r
                0x0000000008000938                fflush
 .text          0x000000000800095c      0x230 /usr/lib/gcc/arm-none-eabi/6.3.1/../../../arm-none-eabi/lib/thumb/v7e-m/fpv4-sp/hard/libc_nano.a(lib_a-findfp.o)
                0x0000000008000960                _cleanup_r
                0x0000000008000970                __sfmoreglue
                0x00000000080009a0                __sfp
                0x0000000008000b38                _cleanup
                0x0000000008000b4c                __sinit
                0x0000000008000b54                __sfp_lock_acquire
                0x0000000008000b58                __sfp_lock_release
                0x0000000008000b5c                __sinit_lock_acquire
                0x0000000008000b60                __sinit_lock_release
                0x0000000008000b64                __fp_lock_all
                0x0000000008000b78                __fp_unlock_all
 .text          0x0000000008000b8c       0xa0 /usr/lib/gcc/arm-none-eabi/6.3.1/../../../arm-none-eabi/lib/thumb/v7e-m/fpv4-sp/hard/libc_nano.a(lib_a-fwalk.o)
                0x0000000008000b8c                _fwalk
                0x0000000008000bd8                _fwalk_reent
 .text          0x0000000008000c2c       0xe4 /usr/lib/gcc/arm-none-eabi/6.3.1/../../../arm-none-eabi/lib/thumb/v7e-m/fpv4-sp/hard/libc_nano.a(lib_a-makebuf.o)
                0x0000000008000c2c                __swhatbuf_r
                0x0000000008000c88                __smakebuf_r
 .text          0x0000000008000d10       0x90 /usr/lib/gcc/arm-none-eabi/6.3.1/../../../arm-none-eabi/lib/thumb/v7e-m/fpv4-sp/hard/libc_nano.a(lib_a-nano-freer.o)
                0x0000000008000d10                _free_r
 .text          0x0000000008000da0       0xbc /usr/lib/gcc/arm-none-eabi/6.3.1/../../../arm-none-eabi/lib/thumb/v7e-m/fpv4-sp/hard/libc_nano.a(lib_a-nano-mallocr.o)
                0x0000000008000da0                _malloc_r
 .text          0x0000000008000e5c      0x2f8 /usr/lib/gcc/arm-none-eabi/6.3.1/../../../arm-none-eabi/lib/thumb/v7e-m/fpv4-sp/hard/libc_nano.a(lib_a-nano-vfprintf.o)
                0x0000000008000e90                __sfputs_r
                0x0000000008000ebc                __sprint_r
                0x0000000008000ed8                _vfiprintf_r
                0x0000000008000ed8                _vfprintf_r
                0x000000000800113c                vfiprintf
                0x000000000800113c                vfprintf
 .text          0x0000000008001154      0x3d4 /usr/lib/gcc/arm-none-eabi/6.3.1/../../../arm-none-eabi/lib/thumb/v7e-m/fpv4-sp/hard/libc_nano.a(lib_a-nano-vfprintf_i.o)
                0x0000000008001154                _printf_common
                0x0000000008001288                _printf_i
 .text          0x0000000008001528       0x24 /usr/lib/gcc/arm-none-eabi/6.3.1/../../../arm-none-eabi/lib/thumb/v7e-m/fpv4-sp/hard/libc_nano.a(lib_a-sbrkr.o)
                0x0000000008001528                _sbrk_r
 .text          0x000000000800154c       0x8c /usr/lib/gcc/arm-none-eabi/6.3.1/../../../arm-none-eabi/lib/thumb/v7e-m/fpv4-sp/hard/libc_nano.a(lib_a-stdio.o)
                0x000000000800154c                __sread
                0x0000000008001570                __seofread
                0x0000000008001574                __swrite
                0x00000000080015b0                __sseek
                0x00000000080015d0                __sclose
 .text          0x00000000080015d8       0x2c /usr/lib/gcc/arm-none-eabi/6.3.1/../../../arm-none-eabi/lib/thumb/v7e-m/fpv4-sp/hard/libc_nano.a(lib_a-writer.o)
                0x00000000080015d8                _write_r
 .text          0x0000000008001604       0x24 /usr/lib/gcc/arm-none-eabi/6.3.1/../../../arm-none-eabi/lib/thumb/v7e-m/fpv4-sp/hard/libc_nano.a(lib_a-closer.o)
                0x0000000008001604                _close_r
 .text          0x0000000008001628       0x28 /usr/lib/gcc/arm-none-eabi/6.3.1/../../../arm-none-eabi/lib/thumb/v7e-m/fpv4-sp/hard/libc_nano.a(lib_a-fstatr.o)
                0x0000000008001628                _fstat_r
 .text          0x0000000008001650      0x2f0 /usr/lib/gcc/arm-none-eabi/6.3.1/../../../arm-none-eabi/lib/thumb/v7e-m/fpv4-sp/hard/libc_nano.a(lib_a-fvwrite.o)
                0x0000000008001650                __sfvwrite_r
 .text          0x0000000008001940       0x24 /usr/lib/gcc/arm-none-eabi/6.3.1/../../../arm-none-eabi/lib/thumb/v7e-m/fpv4-sp/hard/libc_nano.a(lib_a-isattyr.o)
                0x0000000008001940                _isatty_r
 .text          0x0000000008001964       0x2c /usr/lib/gcc/arm-none-eabi/6.3.1/../../../arm-none-eabi/lib/thumb/v7e-m/fpv4-sp/hard/libc_nano.a(lib_a-lseekr.o)
                0x0000000008001964                _lseek_r
 .text          0x0000000008001990       0xa0 /usr/lib/gcc/arm-none-eabi/6.3.1/../../../arm-none-eabi/lib/thumb/v7e-m/fpv4-sp/hard/libc_nano.a(lib_a-memchr.o)
                0x0000000008001990                memchr
 .text          0x0000000008001a30       0xc8 /usr/lib/gcc/arm-none-eabi/6.3.1/../../../arm-none-eabi/lib/thumb/v7e-m/fpv4-sp/hard/libc_nano.a(lib_a-memmove.o)
                0x0000000008001a30                memmove
 .text          0x0000000008001af8       0x50 /usr/lib/gcc/arm-none-eabi/6.3.1/../../../arm-none-eabi/lib/thumb/v7e-m/fpv4-sp/hard/libc_nano.a(lib_a-nano-reallocr.o)
                0x0000000008001af8                _realloc_r
 .text          0x0000000008001b48       0x2c /usr/lib/gcc/arm-none-eabi/6.3.1/../../../arm-none-eabi/lib/thumb/v7e-m/fpv4-sp/hard/libc_nano.a(lib_a-readr.o)
                0x0000000008001b48                _read_r
 .text          0x0000000008001b74       0x14 /usr/lib/gcc/arm-none-eabi/6.3.1/../../../arm-none-eabi/lib/thumb/v7e-m/fpv4-sp/hard/libc_nano.a(lib_a-nano-msizer.o)
                0x0000000008001b74                _malloc_usable_size_r
 .text          0x0000000008001b88       0x10 /usr/lib/gcc/arm-none-eabi/6.3.1/../../../arm-none-eabi/lib/thumb/v7e-m/fpv4-sp/hard/libnosys.a(close.o)
                0x0000000008001b88                _close
 .text          0x0000000008001b98       0x10 /usr/lib/gcc/arm-none-eabi/6.3.1/../../../arm-none-eabi/lib/thumb/v7e-m/fpv4-sp/hard/libnosys.a(fstat.o)
                0x0000000008001b98                _fstat
 .text          0x0000000008001ba8       0x10 /usr/lib/gcc/arm-none-eabi/6.3.1/../../../arm-none-eabi/lib/thumb/v7e-m/fpv4-sp/hard/libnosys.a(isatty.o)
                0x0000000008001ba8                _isatty
 .text          0x0000000008001bb8       0x10 /usr/lib/gcc/arm-none-eabi/6.3.1/../../../arm-none-eabi/lib/thumb/v7e-m/fpv4-sp/hard/libnosys.a(lseek.o)
                0x0000000008001bb8                _lseek
 .text          0x0000000008001bc8       0x10 /usr/lib/gcc/arm-none-eabi/6.3.1/../../../arm-none-eabi/lib/thumb/v7e-m/fpv4-sp/hard/libnosys.a(read.o)
                0x0000000008001bc8                _read
 .text          0x0000000008001bd8       0x1c /usr/lib/gcc/arm-none-eabi/6.3.1/../../../arm-none-eabi/lib/thumb/v7e-m/fpv4-sp/hard/libnosys.a(sbrk.o)
                0x0000000008001bd8                _sbrk
 .text          0x0000000008001bf4       0x10 /usr/lib/gcc/arm-none-eabi/6.3.1/../../../arm-none-eabi/lib/thumb/v7e-m/fpv4-sp/hard/libnosys.a(write.o)
                0x0000000008001bf4                _write
 .text          0x0000000008001c04       0xfc /usr/lib/gcc/arm-none-eabi/6.3.1/../../../arm-none-eabi/lib/thumb/v7e-m/fpv4-sp/hard/libm.a(lib_a-wf_exp.o)
                0x0000000008001c04                expf
 .text          0x0000000008001d00      0x1a4 /usr/lib/gcc/arm-none-eabi/6.3.1/../../../arm-none-eabi/lib/thumb/v7e-m/fpv4-sp/hard/libm.a(lib_a-ef_exp.o)
                0x0000000008001d00                __ieee754_expf
 .text          0x0000000008001ea4        0x4 /usr/lib/gcc/arm-none-eabi/6.3.1/../../../arm-none-eabi/lib/thumb/v7e-m/fpv4-sp/hard/libm.a(lib_a-s_matherr.o)
                0x0000000008001ea4                matherr
 .text          0x0000000008001ea8       0x14 /usr/lib/gcc/arm-none-eabi/6.3.1/../../../arm-none-eabi/lib/thumb/v7e-m/fpv4-sp/hard/libm.a(lib_a-sf_finite.o)
                0x0000000008001ea8                finitef
 .text          0x0000000008001ebc        0xc /usr/lib/gcc/arm-none-eabi/6.3.1/../../../arm-none-eabi/lib/thumb/v7e-m/fpv4-sp/hard/libc_nano.a(lib_a-errno.o)
                0x0000000008001ebc                __errno
 .text          0x0000000008001ec8      0x370 /usr/lib/gcc/arm-none-eabi/6.3.1/thumb/v7e-m/fpv4-sp/hard/libgcc.a(_arm_addsubdf3.o)
                0x0000000008001ec8                __aeabi_drsub
                0x0000000008001ed0                __aeabi_dsub
                0x0000000008001ed0                __subdf3
                0x0000000008001ed4                __adddf3
                0x0000000008001ed4                __aeabi_dadd
                0x000000000800214c                __aeabi_ui2d
                0x000000000800214c                __floatunsidf
                0x000000000800216c                __floatsidf
                0x000000000800216c                __aeabi_i2d
                0x0000000008002190                __extendsfdf2
                0x0000000008002190                __aeabi_f2d
                0x00000000080021cc                __aeabi_ul2d
                0x00000000080021cc                __floatundidf
                0x00000000080021dc                __floatdidf
                0x00000000080021dc                __aeabi_l2d
 .text          0x0000000008002238       0xa0 /usr/lib/gcc/arm-none-eabi/6.3.1/thumb/v7e-m/fpv4-sp/hard/libgcc.a(_arm_truncdfsf2.o)
                0x0000000008002238                __aeabi_d2f
                0x0000000008002238                __truncdfsf2
 *(.text*)
 .text.ai_network_data_weights_get
                0x00000000080022d8        0x8 build/network_data.o
                0x00000000080022d8                ai_network_data_weights_get
 .text.ai_network_get_info
                0x00000000080022e0       0x94 build/network.o
                0x00000000080022e0                ai_network_get_info
 .text.ai_network_get_error
                0x0000000008002374        0x8 build/network.o
                0x0000000008002374                ai_network_get_error
 .text.ai_network_create
                0x000000000800237c       0x20 build/network.o
                0x000000000800237c                ai_network_create
 .text.ai_network_init
                0x000000000800239c      0x188 build/network.o
                0x000000000800239c                ai_network_init
 .text.ai_network_run
                0x0000000008002524        0x8 build/network.o
                0x0000000008002524                ai_network_run
 .text.ai_log_err
                0x000000000800252c       0x24 build/app_x-cube-ai.o
 .text.ai_boostrap
                0x0000000008002550       0xac build/app_x-cube-ai.o
 .text.ai_run   0x00000000080025fc       0x38 build/app_x-cube-ai.o
 .text.acquire_and_process_data
                0x0000000008002634       0x30 build/app_x-cube-ai.o
                0x0000000008002634                acquire_and_process_data
 .text.post_process
                0x0000000008002664       0x30 build/app_x-cube-ai.o
                0x0000000008002664                post_process
 .text.MX_X_CUBE_AI_Init
                0x0000000008002694       0x1c build/app_x-cube-ai.o
                0x0000000008002694                MX_X_CUBE_AI_Init
 .text.MX_X_CUBE_AI_Process
                0x00000000080026b0       0x70 build/app_x-cube-ai.o
                0x00000000080026b0                MX_X_CUBE_AI_Process
 .text.Error_Handler
                0x0000000008002720        0x4 build/main.o
                0x0000000008002720                Error_Handler
 .text.MX_CRC_Init
                0x0000000008002724       0x2c build/main.o
 .text.SystemClock_Config
                0x0000000008002750       0x70 build/main.o
                0x0000000008002750                SystemClock_Config
 .text.main     0x00000000080027c0       0x80 build/main.o
                0x00000000080027c0                main
 .text.NMI_Handler
                0x0000000008002840        0x2 build/stm32g4xx_it.o
                0x0000000008002840                NMI_Handler
 .text.HardFault_Handler
                0x0000000008002842        0x2 build/stm32g4xx_it.o
                0x0000000008002842                HardFault_Handler
 .text.MemManage_Handler
                0x0000000008002844        0x2 build/stm32g4xx_it.o
                0x0000000008002844                MemManage_Handler
 .text.BusFault_Handler
                0x0000000008002846        0x2 build/stm32g4xx_it.o
                0x0000000008002846                BusFault_Handler
 .text.UsageFault_Handler
                0x0000000008002848        0x2 build/stm32g4xx_it.o
                0x0000000008002848                UsageFault_Handler
 .text.SVC_Handler
                0x000000000800284a        0x2 build/stm32g4xx_it.o
                0x000000000800284a                SVC_Handler
 .text.DebugMon_Handler
                0x000000000800284c        0x2 build/stm32g4xx_it.o
                0x000000000800284c                DebugMon_Handler
 .text.PendSV_Handler
                0x000000000800284e        0x2 build/stm32g4xx_it.o
                0x000000000800284e                PendSV_Handler
 .text.SysTick_Handler
                0x0000000008002850        0x8 build/stm32g4xx_it.o
                0x0000000008002850                SysTick_Handler
 .text.HAL_MspInit
                0x0000000008002858       0x38 build/stm32g4xx_hal_msp.o
                0x0000000008002858                HAL_MspInit
 .text.HAL_CRC_MspInit
                0x0000000008002890       0x2c build/stm32g4xx_hal_msp.o
                0x0000000008002890                HAL_CRC_MspInit
 .text.HAL_CRC_Init
                0x00000000080028bc       0x80 build/stm32g4xx_hal_crc.o
                0x00000000080028bc                HAL_CRC_Init
 .text.HAL_CRCEx_Polynomial_Set
                0x000000000800293c       0x7c build/stm32g4xx_hal_crc_ex.o
                0x000000000800293c                HAL_CRCEx_Polynomial_Set
 .text.HAL_InitTick
                0x00000000080029b8       0x50 build/stm32g4xx_hal.o
                0x00000000080029b8                HAL_InitTick
 .text.HAL_Init
                0x0000000008002a08       0x1e build/stm32g4xx_hal.o
                0x0000000008002a08                HAL_Init
 *fill*         0x0000000008002a26        0x2 
 .text.HAL_IncTick
                0x0000000008002a28       0x18 build/stm32g4xx_hal.o
                0x0000000008002a28                HAL_IncTick
 .text.HAL_GetTick
                0x0000000008002a40        0xc build/stm32g4xx_hal.o
                0x0000000008002a40                HAL_GetTick
 .text.RCC_GetSysClockFreqFromPLLSource
                0x0000000008002a4c       0x58 build/stm32g4xx_hal_rcc.o
 .text.HAL_RCC_OscConfig
                0x0000000008002aa4      0x4ec build/stm32g4xx_hal_rcc.o
                0x0000000008002aa4                HAL_RCC_OscConfig
 .text.HAL_RCC_GetSysClockFreq
                0x0000000008002f90       0x88 build/stm32g4xx_hal_rcc.o
                0x0000000008002f90                HAL_RCC_GetSysClockFreq
 .text.HAL_RCC_ClockConfig
                0x0000000008003018      0x1fc build/stm32g4xx_hal_rcc.o
                0x0000000008003018                HAL_RCC_ClockConfig
 .text.HAL_GPIO_Init
                0x0000000008003214      0x1b4 build/stm32g4xx_hal_gpio.o
                0x0000000008003214                HAL_GPIO_Init
 .text.HAL_GPIO_WritePin
                0x00000000080033c8        0xa build/stm32g4xx_hal_gpio.o
                0x00000000080033c8                HAL_GPIO_WritePin
 *fill*         0x00000000080033d2        0x2 
 .text.HAL_PWREx_ControlVoltageScaling
                0x00000000080033d4      0x10c build/stm32g4xx_hal_pwr_ex.o
                0x00000000080033d4                HAL_PWREx_ControlVoltageScaling
 .text.HAL_PWREx_DisableUCPDDeadBattery
                0x00000000080034e0       0x10 build/stm32g4xx_hal_pwr_ex.o
                0x00000000080034e0                HAL_PWREx_DisableUCPDDeadBattery
 .text.HAL_NVIC_SetPriorityGrouping
                0x00000000080034f0       0x24 build/stm32g4xx_hal_cortex.o
                0x00000000080034f0                HAL_NVIC_SetPriorityGrouping
 .text.HAL_NVIC_SetPriority
                0x0000000008003514       0x64 build/stm32g4xx_hal_cortex.o
                0x0000000008003514                HAL_NVIC_SetPriority
 .text.HAL_SYSTICK_Config
                0x0000000008003578       0x2c build/stm32g4xx_hal_cortex.o
                0x0000000008003578                HAL_SYSTICK_Config
 .text.SystemInit
                0x00000000080035a4       0x1c build/system_stm32g4xx.o
                0x00000000080035a4                SystemInit
 .text.Reset_Handler
                0x00000000080035c0       0x50 build/startup_stm32g474xx.o
                0x00000000080035c0                Reset_Handler
 .text.Default_Handler
                0x0000000008003610        0x2 build/startup_stm32g474xx.o
                0x0000000008003610                RTC_Alarm_IRQHandler
                0x0000000008003610                EXTI2_IRQHandler
                0x0000000008003610                TIM8_TRG_COM_IRQHandler
                0x0000000008003610                TIM8_CC_IRQHandler
                0x0000000008003610                HRTIM1_Master_IRQHandler
                0x0000000008003610                SPI4_IRQHandler
                0x0000000008003610                FDCAN3_IT0_IRQHandler
                0x0000000008003610                TIM1_CC_IRQHandler
                0x0000000008003610                HRTIM1_FLT_IRQHandler
                0x0000000008003610                HRTIM1_TIMF_IRQHandler
                0x0000000008003610                USB_HP_IRQHandler
                0x0000000008003610                CORDIC_IRQHandler
                0x0000000008003610                HRTIM1_TIMD_IRQHandler
                0x0000000008003610                DMA2_Channel8_IRQHandler
                0x0000000008003610                EXTI3_IRQHandler
                0x0000000008003610                I2C3_ER_IRQHandler
                0x0000000008003610                EXTI0_IRQHandler
                0x0000000008003610                I2C2_EV_IRQHandler
                0x0000000008003610                FPU_IRQHandler
                0x0000000008003610                FDCAN1_IT1_IRQHandler
                0x0000000008003610                TIM1_UP_TIM16_IRQHandler
                0x0000000008003610                ADC1_2_IRQHandler
                0x0000000008003610                HRTIM1_TIME_IRQHandler
                0x0000000008003610                SPI1_IRQHandler
                0x0000000008003610                TIM6_DAC_IRQHandler
                0x0000000008003610                HRTIM1_TIMC_IRQHandler
                0x0000000008003610                TIM8_UP_IRQHandler
                0x0000000008003610                DMA2_Channel2_IRQHandler
                0x0000000008003610                DMA1_Channel4_IRQHandler
                0x0000000008003610                TIM20_TRG_COM_IRQHandler
                0x0000000008003610                USART3_IRQHandler
                0x0000000008003610                DMA1_Channel7_IRQHandler
                0x0000000008003610                UART5_IRQHandler
                0x0000000008003610                ADC3_IRQHandler
                0x0000000008003610                TIM4_IRQHandler
                0x0000000008003610                DMA2_Channel1_IRQHandler
                0x0000000008003610                QUADSPI_IRQHandler
                0x0000000008003610                I2C1_EV_IRQHandler
                0x0000000008003610                DMA1_Channel6_IRQHandler
                0x0000000008003610                UART4_IRQHandler
                0x0000000008003610                DMA2_Channel4_IRQHandler
                0x0000000008003610                TIM3_IRQHandler
                0x0000000008003610                RCC_IRQHandler
                0x0000000008003610                TIM20_UP_IRQHandler
                0x0000000008003610                DMA1_Channel1_IRQHandler
                0x0000000008003610                Default_Handler
                0x0000000008003610                DMA2_Channel7_IRQHandler
                0x0000000008003610                RTC_TAMP_LSECSS_IRQHandler
                0x0000000008003610                FMAC_IRQHandler
                0x0000000008003610                EXTI15_10_IRQHandler
                0x0000000008003610                DMA1_Channel8_IRQHandler
                0x0000000008003610                HRTIM1_TIMA_IRQHandler
                0x0000000008003610                TIM7_DAC_IRQHandler
                0x0000000008003610                FDCAN3_IT1_IRQHandler
                0x0000000008003610                TIM5_IRQHandler
                0x0000000008003610                UCPD1_IRQHandler
                0x0000000008003610                I2C3_EV_IRQHandler
                0x0000000008003610                EXTI9_5_IRQHandler
                0x0000000008003610                RTC_WKUP_IRQHandler
                0x0000000008003610                PVD_PVM_IRQHandler
                0x0000000008003610                SPI2_IRQHandler
                0x0000000008003610                ADC5_IRQHandler
                0x0000000008003610                DMA2_Channel5_IRQHandler
                0x0000000008003610                CRS_IRQHandler
                0x0000000008003610                DMA1_Channel5_IRQHandler
                0x0000000008003610                USB_LP_IRQHandler
                0x0000000008003610                EXTI4_IRQHandler
                0x0000000008003610                RNG_IRQHandler
                0x0000000008003610                HRTIM1_TIMB_IRQHandler
                0x0000000008003610                TIM1_TRG_COM_TIM17_IRQHandler
                0x0000000008003610                FDCAN2_IT1_IRQHandler
                0x0000000008003610                DMA1_Channel3_IRQHandler
                0x0000000008003610                ADC4_IRQHandler
                0x0000000008003610                WWDG_IRQHandler
                0x0000000008003610                I2C4_EV_IRQHandler
                0x0000000008003610                FDCAN2_IT0_IRQHandler
                0x0000000008003610                LPUART1_IRQHandler
                0x0000000008003610                DMA2_Channel6_IRQHandler
                0x0000000008003610                FDCAN1_IT0_IRQHandler
                0x0000000008003610                TIM2_IRQHandler
                0x0000000008003610                COMP7_IRQHandler
                0x0000000008003610                COMP1_2_3_IRQHandler
                0x0000000008003610                EXTI1_IRQHandler
                0x0000000008003610                USART2_IRQHandler
                0x0000000008003610                COMP4_5_6_IRQHandler
                0x0000000008003610                TIM20_BRK_IRQHandler
                0x0000000008003610                I2C2_ER_IRQHandler
                0x0000000008003610                DMA1_Channel2_IRQHandler
                0x0000000008003610                TIM8_BRK_IRQHandler
                0x0000000008003610                FLASH_IRQHandler
                0x0000000008003610                TIM20_CC_IRQHandler
                0x0000000008003610                USART1_IRQHandler
                0x0000000008003610                SPI3_IRQHandler
                0x0000000008003610                I2C1_ER_IRQHandler
                0x0000000008003610                FMC_IRQHandler
                0x0000000008003610                LPTIM1_IRQHandler
                0x0000000008003610                DMAMUX_OVR_IRQHandler
                0x0000000008003610                I2C4_ER_IRQHandler
                0x0000000008003610                USBWakeUp_IRQHandler
                0x0000000008003610                SAI1_IRQHandler
                0x0000000008003610                DMA2_Channel3_IRQHandler
                0x0000000008003610                TIM1_BRK_TIM15_IRQHandler
 *fill*         0x0000000008003612        0x2 
 .text._ai_platform_acquire_crc
                0x0000000008003614        0x4 Middlewares/ST/AI/Lib/NetworkRuntime700_CM4_GCC.a(ai_platform_interface.o)
                0x0000000008003614                _ai_platform_acquire_crc
 .text._ai_platform_release_crc
                0x0000000008003618        0x4 Middlewares/ST/AI/Lib/NetworkRuntime700_CM4_GCC.a(ai_platform_interface.o)
                0x0000000008003618                _ai_platform_release_crc
 .text.ai_platform_get_weights_map
                0x000000000800361c       0x68 Middlewares/ST/AI/Lib/NetworkRuntime700_CM4_GCC.a(ai_platform_interface.o)
                0x000000000800361c                ai_platform_get_weights_map
 .text.ai_platform_get_activations_map
                0x0000000008003684       0x68 Middlewares/ST/AI/Lib/NetworkRuntime700_CM4_GCC.a(ai_platform_interface.o)
                0x0000000008003684                ai_platform_get_activations_map
 .text.ai_platform_runtime_get_revision
                0x00000000080036ec       0x84 Middlewares/ST/AI/Lib/NetworkRuntime700_CM4_GCC.a(ai_platform_interface.o)
                0x00000000080036ec                ai_platform_runtime_get_revision
 .text.ai_platform_runtime_get_version
                0x0000000008003770       0x84 Middlewares/ST/AI/Lib/NetworkRuntime700_CM4_GCC.a(ai_platform_interface.o)
                0x0000000008003770                ai_platform_runtime_get_version
 .text.ai_platform_api_get_version
                0x00000000080037f4       0xa8 Middlewares/ST/AI/Lib/NetworkRuntime700_CM4_GCC.a(ai_platform_interface.o)
                0x00000000080037f4                ai_platform_api_get_version
 .text.ai_platform_interface_api_get_version
                0x000000000800389c       0xa8 Middlewares/ST/AI/Lib/NetworkRuntime700_CM4_GCC.a(ai_platform_interface.o)
                0x000000000800389c                ai_platform_interface_api_get_version
 .text.ai_platform_context_acquire
                0x0000000008003944       0x90 Middlewares/ST/AI/Lib/NetworkRuntime700_CM4_GCC.a(ai_platform_interface.o)
                0x0000000008003944                ai_platform_context_acquire
 .text.ai_platform_network_get_error
                0x00000000080039d4       0xf4 Middlewares/ST/AI/Lib/NetworkRuntime700_CM4_GCC.a(ai_platform_interface.o)
                0x00000000080039d4                ai_platform_network_get_error
 .text.ai_platform_api_get_network_report
                0x0000000008003ac8      0x544 Middlewares/ST/AI/Lib/NetworkRuntime700_CM4_GCC.a(ai_platform_interface.o)
                0x0000000008003ac8                ai_platform_api_get_network_report
 .text.ai_platform_network_create
                0x000000000800400c      0x1ac Middlewares/ST/AI/Lib/NetworkRuntime700_CM4_GCC.a(ai_platform_interface.o)
                0x000000000800400c                ai_platform_network_create
 .text.ai_platform_network_init
                0x00000000080041b8      0x224 Middlewares/ST/AI/Lib/NetworkRuntime700_CM4_GCC.a(ai_platform_interface.o)
                0x00000000080041b8                ai_platform_network_init
 .text.ai_platform_network_post_init
                0x00000000080043dc      0x128 Middlewares/ST/AI/Lib/NetworkRuntime700_CM4_GCC.a(ai_platform_interface.o)
                0x00000000080043dc                ai_platform_network_post_init
 .text.ai_platform_network_process
                0x0000000008004504      0x4fc Middlewares/ST/AI/Lib/NetworkRuntime700_CM4_GCC.a(ai_platform_interface.o)
                0x0000000008004504                ai_platform_network_process
 .text.core_init
                0x0000000008004a00        0x4 Middlewares/ST/AI/Lib/NetworkRuntime700_CM4_GCC.a(core_common.o)
                0x0000000008004a00                core_init
 .text.core_get_error
                0x0000000008004a04        0xc Middlewares/ST/AI/Lib/NetworkRuntime700_CM4_GCC.a(core_common.o)
                0x0000000008004a04                core_get_error
 .text.core_set_error
                0x0000000008004a10       0x18 Middlewares/ST/AI/Lib/NetworkRuntime700_CM4_GCC.a(core_common.o)
                0x0000000008004a10                core_set_error
 .text.func_dummy
                0x0000000008004a28        0x4 Middlewares/ST/AI/Lib/NetworkRuntime700_CM4_GCC.a(layers_conv2d_generic_float.o)
 .text.ai_dict8_dot_array_f32
                0x0000000008004a2c      0x19c Middlewares/ST/AI/Lib/NetworkRuntime700_CM4_GCC.a(layers_conv2d_generic_float.o)
                0x0000000008004a2c                ai_dict8_dot_array_f32
 .text.ai_dict4_dot_array_f32
                0x0000000008004bc8      0x17c Middlewares/ST/AI/Lib/NetworkRuntime700_CM4_GCC.a(layers_conv2d_generic_float.o)
                0x0000000008004bc8                ai_dict4_dot_array_f32
 .text.ai_dict_decompress_f32
                0x0000000008004d44       0xa0 Middlewares/ST/AI/Lib/NetworkRuntime700_CM4_GCC.a(layers_conv2d_generic_float.o)
                0x0000000008004d44                ai_dict_decompress_f32
 .text.forward_conv2d_nl_pool
                0x0000000008004de4     0x1270 Middlewares/ST/AI/Lib/NetworkRuntime700_CM4_GCC.a(layers_conv2d_generic_float.o)
                0x0000000008004de4                forward_conv2d_nl_pool
 .text.forward_dense
                0x0000000008006054      0x470 Middlewares/ST/AI/Lib/NetworkRuntime700_CM4_GCC.a(layers_conv2d_generic_float.o)
                0x0000000008006054                forward_dense
 .text.nl_func_relu_array_f32
                0x00000000080064c4       0x50 Middlewares/ST/AI/Lib/NetworkRuntime700_CM4_GCC.a(layers_nl_generic_float.o)
                0x00000000080064c4                nl_func_relu_array_f32
 .text.nl_func_sm_array_f32
                0x0000000008006514      0x100 Middlewares/ST/AI/Lib/NetworkRuntime700_CM4_GCC.a(layers_nl_generic_float.o)
                0x0000000008006514                nl_func_sm_array_f32
 .text.nl_func_relu_generic_array_f32
                0x0000000008006614       0xfc Middlewares/ST/AI/Lib/NetworkRuntime700_CM4_GCC.a(layers_nl_generic_float.o)
                0x0000000008006614                nl_func_relu_generic_array_f32
 .text.forward_relu
                0x0000000008006710      0x124 Middlewares/ST/AI/Lib/NetworkRuntime700_CM4_GCC.a(layers_nl_generic_float.o)
                0x0000000008006710                forward_relu
 .text.forward_sm
                0x0000000008006834       0x64 Middlewares/ST/AI/Lib/NetworkRuntime700_CM4_GCC.a(layers_nl_generic_float.o)
                0x0000000008006834                forward_sm
 .text.pool_func_mp_array_f32
                0x0000000008006898      0x2b8 Middlewares/ST/AI/Lib/NetworkRuntime700_CM4_GCC.a(layers_pool_generic_float.o)
                0x0000000008006898                pool_func_mp_array_f32
 .text.ai_check_custom_types
                0x0000000008006b50       0x54 Middlewares/ST/AI/Lib/NetworkRuntime700_CM4_GCC.a(layers.o)
                0x0000000008006b50                ai_check_custom_types
 .text.ai_layers_init_all
                0x0000000008006ba4       0x28 Middlewares/ST/AI/Lib/NetworkRuntime700_CM4_GCC.a(layers.o)
                0x0000000008006ba4                ai_layers_init_all
 .text.ai_layers_post_init_all
                0x0000000008006bcc       0x30 Middlewares/ST/AI/Lib/NetworkRuntime700_CM4_GCC.a(layers.o)
                0x0000000008006bcc                ai_layers_post_init_all
 .text.ai_layers_forward_all
                0x0000000008006bfc       0x9c Middlewares/ST/AI/Lib/NetworkRuntime700_CM4_GCC.a(layers.o)
                0x0000000008006bfc                ai_layers_forward_all
 .text.ai_array_to_buffer_fmt
                0x0000000008006c98       0xb0 Middlewares/ST/AI/Lib/NetworkRuntime700_CM4_GCC.a(ai_datatypes_format.o)
                0x0000000008006c98                ai_array_to_buffer_fmt
 .text.ai_array_get_byte_size
                0x0000000008006d48       0x44 Middlewares/ST/AI/Lib/NetworkRuntime700_CM4_GCC.a(ai_datatypes_format.o)
                0x0000000008006d48                ai_array_get_byte_size
 *(.glue_7)
 .glue_7        0x0000000008006d8c        0x0 linker stubs
 *(.glue_7t)
 .glue_7t       0x0000000008006d8c        0x0 linker stubs
 *(.eh_frame)
 .eh_frame      0x0000000008006d8c        0x0 /usr/lib/gcc/arm-none-eabi/6.3.1/thumb/v7e-m/fpv4-sp/hard/crtbegin.o
 *(.init)
 .init          0x0000000008006d8c        0x4 /usr/lib/gcc/arm-none-eabi/6.3.1/thumb/v7e-m/fpv4-sp/hard/crti.o
                0x0000000008006d8c                _init
 .init          0x0000000008006d90        0x8 /usr/lib/gcc/arm-none-eabi/6.3.1/thumb/v7e-m/fpv4-sp/hard/crtn.o
 *(.fini)
 .fini          0x0000000008006d98        0x4 /usr/lib/gcc/arm-none-eabi/6.3.1/thumb/v7e-m/fpv4-sp/hard/crti.o
                0x0000000008006d98                _fini
 .fini          0x0000000008006d9c        0x8 /usr/lib/gcc/arm-none-eabi/6.3.1/thumb/v7e-m/fpv4-sp/hard/crtn.o
                0x0000000008006da4                . = ALIGN (0x4)
                0x0000000008006da4                _etext = .

.vfp11_veneer   0x0000000008006da4        0x0
 .vfp11_veneer  0x0000000008006da4        0x0 linker stubs

.v4_bx          0x0000000008006da4        0x0
 .v4_bx         0x0000000008006da4        0x0 linker stubs

.iplt           0x0000000008006da4        0x0
 .iplt          0x0000000008006da4        0x0 /usr/lib/gcc/arm-none-eabi/6.3.1/thumb/v7e-m/fpv4-sp/hard/crtbegin.o

.rodata         0x0000000008006dc0    0x2cf18
                0x0000000008006dc0                . = ALIGN (0x4)
 *(.rodata)
 .rodata        0x0000000008006dc0        0x4 /usr/lib/gcc/arm-none-eabi/6.3.1/../../../arm-none-eabi/lib/thumb/v7e-m/fpv4-sp/hard/libc_nano.a(lib_a-impure.o)
                0x0000000008006dc0                _global_impure_ptr
 .rodata        0x0000000008006dc4       0x60 /usr/lib/gcc/arm-none-eabi/6.3.1/../../../arm-none-eabi/lib/thumb/v7e-m/fpv4-sp/hard/libc_nano.a(lib_a-findfp.o)
                0x0000000008006dc4                __sf_fake_stderr
                0x0000000008006de4                __sf_fake_stdout
                0x0000000008006e04                __sf_fake_stdin
 .rodata        0x0000000008006e24        0x4 Middlewares/ST/AI/Lib/NetworkRuntime700_CM4_GCC.a(layers.o)
 .rodata        0x0000000008006e28       0x18 /usr/lib/gcc/arm-none-eabi/6.3.1/../../../arm-none-eabi/lib/thumb/v7e-m/fpv4-sp/hard/libm.a(lib_a-ef_exp.o)
 *(.rodata*)
 .rodata.s_network_weights_array_u64
                0x0000000008006e40    0x2cc68 build/network_data.o
                0x0000000008006e40                s_network_weights_array_u64
 .rodata.s_network_weights_map.6153
                0x0000000008033aa8        0xc build/network_data.o
 .rodata.ai_network_get_info.str1.4
                0x0000000008033ab4       0x5d build/network.o
                                         0x61 (size before relaxing)
 *fill*         0x0000000008033b11        0x3 
 .rodata.conv2d_1_chain
                0x0000000008033b14        0x8 build/network.o
 .rodata.conv2d_chain
                0x0000000008033b1c        0x8 build/network.o
 .rodata.dense_1_chain
                0x0000000008033b24        0x8 build/network.o
 .rodata.dense_1_nl_chain
                0x0000000008033b2c        0x8 build/network.o
 .rodata.dense_chain
                0x0000000008033b34        0x8 build/network.o
 .rodata.dense_nl_chain
                0x0000000008033b3c        0x8 build/network.o
 .rodata.MX_X_CUBE_AI_Init.str1.4
                0x0000000008033b44       0x1d build/app_x-cube-ai.o
 *fill*         0x0000000008033b61        0x3 
 .rodata.MX_X_CUBE_AI_Process.str1.4
                0x0000000008033b64       0x62 build/app_x-cube-ai.o
 *fill*         0x0000000008033bc6        0x2 
 .rodata.ai_boostrap.str1.4
                0x0000000008033bc8       0x39 build/app_x-cube-ai.o
 *fill*         0x0000000008033c01        0x3 
 .rodata.ai_log_err.str1.4
                0x0000000008033c04       0x61 build/app_x-cube-ai.o
 *fill*         0x0000000008033c65        0x3 
 .rodata.ai_run.str1.4
                0x0000000008033c68        0xf build/app_x-cube-ai.o
 *fill*         0x0000000008033c77        0x1 
 .rodata.AHBPrescTable
                0x0000000008033c78       0x10 build/system_stm32g4xx.o
                0x0000000008033c78                AHBPrescTable
 .rodata.str1.4
                0x0000000008033c88        0x2 /usr/lib/gcc/arm-none-eabi/6.3.1/../../../arm-none-eabi/lib/thumb/v7e-m/fpv4-sp/hard/libc_nano.a(lib_a-impure.o)
 *fill*         0x0000000008033c8a        0x2 
 .rodata.str1.4
                0x0000000008033c8c       0x13 /usr/lib/gcc/arm-none-eabi/6.3.1/../../../arm-none-eabi/lib/thumb/v7e-m/fpv4-sp/hard/libc_nano.a(lib_a-nano-vfprintf.o)
 *fill*         0x0000000008033c9f        0x1 
 .rodata.str1.4
                0x0000000008033ca0       0x25 /usr/lib/gcc/arm-none-eabi/6.3.1/../../../arm-none-eabi/lib/thumb/v7e-m/fpv4-sp/hard/libc_nano.a(lib_a-nano-vfprintf_i.o)
 .rodata.ai_platform_runtime_get_revision.str1.4
                0x0000000008033cc5        0x1 Middlewares/ST/AI/Lib/NetworkRuntime700_CM4_GCC.a(ai_platform_interface.o)
 *fill*         0x0000000008033cc5        0x3 
 .rodata.v.10522
                0x0000000008033cc8        0x4 Middlewares/ST/AI/Lib/NetworkRuntime700_CM4_GCC.a(ai_platform_interface.o)
 .rodata.v.10526
                0x0000000008033ccc        0x4 Middlewares/ST/AI/Lib/NetworkRuntime700_CM4_GCC.a(ai_platform_interface.o)
 .rodata.str1.4
                0x0000000008033cd0        0x8 /usr/lib/gcc/arm-none-eabi/6.3.1/../../../arm-none-eabi/lib/thumb/v7e-m/fpv4-sp/hard/libm.a(lib_a-wf_exp.o)
                                          0x5 (size before relaxing)
                0x0000000008033cd8                . = ALIGN (0x4)

.rel.dyn        0x0000000008033cd8        0x0
 .rel.iplt      0x0000000008033cd8        0x0 /usr/lib/gcc/arm-none-eabi/6.3.1/thumb/v7e-m/fpv4-sp/hard/crtbegin.o

.ARM.extab
 *(.ARM.extab* .gnu.linkonce.armextab.*)

.ARM            0x0000000008033cd8        0x0
                0x0000000008033cd8                __exidx_start = .
 *(.ARM.exidx*)
                0x0000000008033cd8                __exidx_end = .

.preinit_array  0x0000000008033cd8        0x0
                0x0000000008033cd8                PROVIDE (__preinit_array_start, .)
 *(.preinit_array*)
                0x0000000008033cd8                PROVIDE (__preinit_array_end, .)

.init_array     0x0000000008033cd8        0x4
                0x0000000008033cd8                PROVIDE (__init_array_start, .)
 *(SORT(.init_array.*))
 *(.init_array*)
 .init_array    0x0000000008033cd8        0x4 /usr/lib/gcc/arm-none-eabi/6.3.1/thumb/v7e-m/fpv4-sp/hard/crtbegin.o
                0x0000000008033cdc                PROVIDE (__init_array_end, .)

.fini_array     0x0000000008033cdc        0x4
                0x0000000008033cdc                PROVIDE (__fini_array_start, .)
 *(SORT(.fini_array.*))
 *(.fini_array*)
 .fini_array    0x0000000008033cdc        0x4 /usr/lib/gcc/arm-none-eabi/6.3.1/thumb/v7e-m/fpv4-sp/hard/crtbegin.o
                0x0000000008033ce0                PROVIDE (__fini_array_end, .)
                0x0000000008033ce0                _sidata = LOADADDR (.data)

.data           0x0000000020000000     0x155c load address 0x0000000008033ce0
                0x0000000020000000                . = ALIGN (0x4)
                0x0000000020000000                _sdata = .
 *(.data)
 .data          0x0000000020000000       0x64 /usr/lib/gcc/arm-none-eabi/6.3.1/../../../arm-none-eabi/lib/thumb/v7e-m/fpv4-sp/hard/libc_nano.a(lib_a-impure.o)
                0x0000000020000000                _impure_ptr
 .data          0x0000000020000064        0x1 /usr/lib/gcc/arm-none-eabi/6.3.1/../../../arm-none-eabi/lib/thumb/v7e-m/fpv4-sp/hard/libm.a(lib_a-s_lib_ver.o)
                0x0000000020000064                __fdlib_version
 *(.data*)
 *fill*         0x0000000020000065        0x3 
 .data.__compound_literal.0
                0x0000000020000068       0x10 build/network.o
 .data.__compound_literal.1
                0x0000000020000078       0x10 build/network.o
 .data.__compound_literal.10
                0x0000000020000088       0x10 build/network.o
 .data.__compound_literal.11
                0x0000000020000098       0x10 build/network.o
 .data.__compound_literal.12
                0x00000000200000a8       0x10 build/network.o
 .data.__compound_literal.13
                0x00000000200000b8       0x10 build/network.o
 .data.__compound_literal.14
                0x00000000200000c8       0x10 build/network.o
 .data.__compound_literal.15
                0x00000000200000d8       0x10 build/network.o
 .data.__compound_literal.16
                0x00000000200000e8       0x10 build/network.o
 .data.__compound_literal.17
                0x00000000200000f8       0x10 build/network.o
 .data.__compound_literal.18
                0x0000000020000108       0x10 build/network.o
 .data.__compound_literal.19
                0x0000000020000118       0x10 build/network.o
 .data.__compound_literal.2
                0x0000000020000128       0x10 build/network.o
 .data.__compound_literal.20
                0x0000000020000138       0x10 build/network.o
 .data.__compound_literal.21
                0x0000000020000148       0x10 build/network.o
 .data.__compound_literal.22
                0x0000000020000158       0x10 build/network.o
 .data.__compound_literal.23
                0x0000000020000168       0x10 build/network.o
 .data.__compound_literal.24
                0x0000000020000178       0x10 build/network.o
 .data.__compound_literal.25
                0x0000000020000188       0x10 build/network.o
 .data.__compound_literal.26
                0x0000000020000198       0x10 build/network.o
 .data.__compound_literal.27
                0x00000000200001a8       0x10 build/network.o
 .data.__compound_literal.28
                0x00000000200001b8       0x10 build/network.o
 .data.__compound_literal.29
                0x00000000200001c8       0x10 build/network.o
 .data.__compound_literal.3
                0x00000000200001d8       0x10 build/network.o
 .data.__compound_literal.30
                0x00000000200001e8       0x10 build/network.o
 .data.__compound_literal.31
                0x00000000200001f8       0x10 build/network.o
 .data.__compound_literal.32
                0x0000000020000208       0x10 build/network.o
 .data.__compound_literal.33
                0x0000000020000218       0x10 build/network.o
 .data.__compound_literal.34
                0x0000000020000228       0x10 build/network.o
 .data.__compound_literal.35
                0x0000000020000238       0x10 build/network.o
 .data.__compound_literal.36
                0x0000000020000248        0x4 build/network.o
 .data.__compound_literal.37
                0x000000002000024c        0x4 build/network.o
 .data.__compound_literal.4
                0x0000000020000250       0x10 build/network.o
 .data.__compound_literal.40
                0x0000000020000260       0x30 build/network.o
 .data.__compound_literal.41
                0x0000000020000290        0x4 build/network.o
 .data.__compound_literal.42
                0x0000000020000294        0x4 build/network.o
 .data.__compound_literal.43
                0x0000000020000298        0x8 build/network.o
 .data.__compound_literal.45
                0x00000000200002a0       0x30 build/network.o
 .data.__compound_literal.46
                0x00000000200002d0        0x4 build/network.o
 .data.__compound_literal.47
                0x00000000200002d4        0x4 build/network.o
 .data.__compound_literal.5
                0x00000000200002d8       0x10 build/network.o
 .data.__compound_literal.50
                0x00000000200002e8       0x30 build/network.o
 .data.__compound_literal.51
                0x0000000020000318        0x4 build/network.o
 .data.__compound_literal.52
                0x000000002000031c        0x4 build/network.o
 .data.__compound_literal.53
                0x0000000020000320        0x8 build/network.o
 .data.__compound_literal.55
                0x0000000020000328       0x30 build/network.o
 .data.__compound_literal.56
                0x0000000020000358        0x4 build/network.o
 .data.__compound_literal.57
                0x000000002000035c        0x4 build/network.o
 .data.__compound_literal.58
                0x0000000020000360        0xc build/network.o
 .data.__compound_literal.59
                0x000000002000036c        0x4 build/network.o
 .data.__compound_literal.6
                0x0000000020000370       0x10 build/network.o
 .data.__compound_literal.60
                0x0000000020000380       0x30 build/network.o
 .data.__compound_literal.63
                0x00000000200003b0        0x4 build/network.o
 .data.__compound_literal.64
                0x00000000200003b4        0x4 build/network.o
 .data.__compound_literal.65
                0x00000000200003b8        0xc build/network.o
 .data.__compound_literal.66
                0x00000000200003c4        0x4 build/network.o
 .data.__compound_literal.67
                0x00000000200003c8       0x30 build/network.o
 .data.__compound_literal.7
                0x00000000200003f8       0x10 build/network.o
 .data.__compound_literal.70
                0x0000000020000408       0x18 build/network.o
 .data.__compound_literal.71
                0x0000000020000420       0x18 build/network.o
 .data.__compound_literal.72
                0x0000000020000438        0x4 build/network.o
 .data.__compound_literal.76
                0x000000002000043c        0xc build/network.o
 .data.__compound_literal.77
                0x0000000020000448        0x4 build/network.o
 .data.__compound_literal.8
                0x000000002000044c       0x10 build/network.o
 .data.__compound_literal.81
                0x000000002000045c        0xc build/network.o
 .data.__compound_literal.82
                0x0000000020000468       0x18 build/network.o
 .data.__compound_literal.9
                0x0000000020000480       0x10 build/network.o
 .data.conv2d_1_bias
                0x0000000020000490       0x1c build/network.o
 .data.conv2d_1_bias_array
                0x00000000200004ac       0x10 build/network.o
 .data.conv2d_1_layer
                0x00000000200004bc       0x5c build/network.o
 .data.conv2d_1_output
                0x0000000020000518       0x1c build/network.o
 .data.conv2d_1_output0
                0x0000000020000534       0x1c build/network.o
 .data.conv2d_1_output_array
                0x0000000020000550       0x10 build/network.o
 .data.conv2d_1_scratch0
                0x0000000020000560       0x1c build/network.o
 .data.conv2d_1_scratch0_array
                0x000000002000057c       0x10 build/network.o
 .data.conv2d_1_weights
                0x000000002000058c       0x1c build/network.o
 .data.conv2d_1_weights_array
                0x00000000200005a8       0x10 build/network.o
 .data.conv2d_bias
                0x00000000200005b8       0x1c build/network.o
 .data.conv2d_bias_array
                0x00000000200005d4       0x10 build/network.o
 .data.conv2d_layer
                0x00000000200005e4       0x5c build/network.o
 .data.conv2d_output
                0x0000000020000640       0x1c build/network.o
 .data.conv2d_output_array
                0x000000002000065c       0x10 build/network.o
 .data.conv2d_scratch0
                0x000000002000066c       0x1c build/network.o
 .data.conv2d_scratch0_array
                0x0000000020000688       0x10 build/network.o
 .data.conv2d_weights
                0x0000000020000698       0x1c build/network.o
 .data.conv2d_weights_array
                0x00000000200006b4       0x10 build/network.o
 .data.dense_1_bias
                0x00000000200006c4       0x1c build/network.o
 .data.dense_1_bias_array
                0x00000000200006e0       0x10 build/network.o
 .data.dense_1_layer
                0x00000000200006f0       0x1c build/network.o
 .data.dense_1_nl_layer
                0x000000002000070c       0x20 build/network.o
 .data.dense_1_nl_output
                0x000000002000072c       0x1c build/network.o
 .data.dense_1_nl_output_array
                0x0000000020000748       0x10 build/network.o
 .data.dense_1_output
                0x0000000020000758       0x1c build/network.o
 .data.dense_1_output_array
                0x0000000020000774       0x10 build/network.o
 .data.dense_1_weights
                0x0000000020000784       0x1c build/network.o
 .data.dense_1_weights_array
                0x00000000200007a0       0x10 build/network.o
 .data.dense_bias
                0x00000000200007b0       0x1c build/network.o
 .data.dense_bias_array
                0x00000000200007cc       0x10 build/network.o
 .data.dense_layer
                0x00000000200007dc       0x1c build/network.o
 .data.dense_nl_layer
                0x00000000200007f8       0x20 build/network.o
 .data.dense_nl_output
                0x0000000020000818       0x1c build/network.o
 .data.dense_nl_output_array
                0x0000000020000834       0x10 build/network.o
 .data.dense_output
                0x0000000020000844       0x1c build/network.o
 .data.dense_output_array
                0x0000000020000860       0x10 build/network.o
 .data.dense_weights
                0x0000000020000870       0x1c build/network.o
 .data.dense_weights_array
                0x000000002000088c       0x10 build/network.o
 .data.g_network
                0x000000002000089c       0x48 build/network.o
 .data.input_0_output
                0x00000000200008e4       0x1c build/network.o
 .data.input_0_output_array
                0x0000000020000900       0x10 build/network.o
 .data.inputData
                0x0000000020000910      0xc40 build/app_x-cube-ai.o
                0x0000000020000910                inputData
 .data.uwTickFreq
                0x0000000020001550        0x4 build/stm32g4xx_hal.o
                0x0000000020001550                uwTickFreq
 .data.uwTickPrio
                0x0000000020001554        0x4 build/stm32g4xx_hal.o
                0x0000000020001554                uwTickPrio
 .data.SystemCoreClock
                0x0000000020001558        0x4 build/system_stm32g4xx.o
                0x0000000020001558                SystemCoreClock
                0x000000002000155c                . = ALIGN (0x4)
                0x000000002000155c                _edata = .

.jcr            0x000000002000155c        0x0 load address 0x000000000803523c
 .jcr           0x000000002000155c        0x0 /usr/lib/gcc/arm-none-eabi/6.3.1/thumb/v7e-m/fpv4-sp/hard/crtbegin.o

.tm_clone_table
                0x000000002000155c        0x0 load address 0x000000000803523c
 .tm_clone_table
                0x000000002000155c        0x0 /usr/lib/gcc/arm-none-eabi/6.3.1/thumb/v7e-m/fpv4-sp/hard/crtbegin.o
 .tm_clone_table
                0x000000002000155c        0x0 /usr/lib/gcc/arm-none-eabi/6.3.1/thumb/v7e-m/fpv4-sp/hard/crtend.o

.igot.plt       0x000000002000155c        0x0 load address 0x000000000803523c
 .igot.plt      0x000000002000155c        0x0 /usr/lib/gcc/arm-none-eabi/6.3.1/thumb/v7e-m/fpv4-sp/hard/crtbegin.o
                0x000000002000155c                . = ALIGN (0x4)

.bss            0x000000002000155c     0xa7b8 load address 0x000000000803523c
                0x000000002000155c                _sbss = .
                0x000000002000155c                __bss_start__ = _sbss
 *(.bss)
 .bss           0x000000002000155c       0x1c /usr/lib/gcc/arm-none-eabi/6.3.1/thumb/v7e-m/fpv4-sp/hard/crtbegin.o
 .bss           0x0000000020001578        0x8 /usr/lib/gcc/arm-none-eabi/6.3.1/../../../arm-none-eabi/lib/thumb/v7e-m/fpv4-sp/hard/libc_nano.a(lib_a-nano-mallocr.o)
                0x0000000020001578                __malloc_free_list
                0x000000002000157c                __malloc_sbrk_start
 .bss           0x0000000020001580        0x4 /usr/lib/gcc/arm-none-eabi/6.3.1/../../../arm-none-eabi/lib/thumb/v7e-m/fpv4-sp/hard/libnosys.a(sbrk.o)
 *(.bss*)
 .bss.__compound_literal.38
                0x0000000020001584        0x4 build/network.o
 .bss.__compound_literal.39
                0x0000000020001588        0x4 build/network.o
 .bss.__compound_literal.44
                0x000000002000158c        0x4 build/network.o
 .bss.__compound_literal.48
                0x0000000020001590        0x4 build/network.o
 .bss.__compound_literal.49
                0x0000000020001594        0x4 build/network.o
 .bss.__compound_literal.54
                0x0000000020001598        0x4 build/network.o
 .bss.__compound_literal.61
                0x000000002000159c       0x10 build/network.o
 .bss.__compound_literal.62
                0x00000000200015ac       0x10 build/network.o
 .bss.__compound_literal.68
                0x00000000200015bc       0x10 build/network.o
 .bss.__compound_literal.69
                0x00000000200015cc       0x10 build/network.o
 .bss.__compound_literal.73
                0x00000000200015dc       0x18 build/network.o
 .bss.__compound_literal.74
                0x00000000200015f4       0x10 build/network.o
 .bss.__compound_literal.75
                0x0000000020001604        0x8 build/network.o
 .bss.__compound_literal.78
                0x000000002000160c       0x18 build/network.o
 .bss.__compound_literal.79
                0x0000000020001624       0x10 build/network.o
 .bss.__compound_literal.80
                0x0000000020001634        0x8 build/network.o
 .bss.activations
                0x000000002000163c     0x7480 build/app_x-cube-ai.o
 .bss.in_data_s
                0x0000000020008abc     0x3100 build/app_x-cube-ai.o
 .bss.network   0x000000002000bbbc        0x4 build/app_x-cube-ai.o
 .bss.network_info
                0x000000002000bbc0       0x74 build/app_x-cube-ai.o
 .bss.out_data_s
                0x000000002000bc34       0xa0 build/app_x-cube-ai.o
 .bss.GPIO_InitStruct
                0x000000002000bcd4       0x14 build/main.o
 *(COMMON)
 COMMON         0x000000002000bce8       0x24 build/main.o
                0x000000002000bce8                hcrc
 COMMON         0x000000002000bd0c        0x4 build/stm32g4xx_hal.o
                0x000000002000bd0c                uwTick
 COMMON         0x000000002000bd10        0x4 /usr/lib/gcc/arm-none-eabi/6.3.1/../../../arm-none-eabi/lib/thumb/v7e-m/fpv4-sp/hard/libc_nano.a(lib_a-reent.o)
                0x000000002000bd10                errno
                0x000000002000bd14                . = ALIGN (0x4)
                0x000000002000bd14                _ebss = .
                0x000000002000bd14                __bss_end__ = _ebss

._user_heap_stack
                0x000000002000bd14     0x1004 load address 0x000000000803523c
                0x000000002000bd18                . = ALIGN (0x8)
 *fill*         0x000000002000bd14        0x4 
                0x000000002000bd18                PROVIDE (end, .)
                [!provide]                        PROVIDE (_end, .)
                0x000000002000c518                . = (. + _Min_Heap_Size)
 *fill*         0x000000002000bd18      0x800 
                0x000000002000cd18                . = (. + _Min_Stack_Size)
 *fill*         0x000000002000c518      0x800 
                0x000000002000cd18                . = ALIGN (0x8)

/DISCARD/
 libc.a(*)
 libm.a(*)
 libgcc.a(*)

.ARM.attributes
                0x0000000000000000       0x30
 *(.ARM.attributes)
 .ARM.attributes
                0x0000000000000000       0x22 /usr/lib/gcc/arm-none-eabi/6.3.1/thumb/v7e-m/fpv4-sp/hard/crti.o
 .ARM.attributes
                0x0000000000000022       0x34 /usr/lib/gcc/arm-none-eabi/6.3.1/thumb/v7e-m/fpv4-sp/hard/crtbegin.o
 .ARM.attributes
                0x0000000000000056       0x39 build/network_data.o
 .ARM.attributes
                0x000000000000008f       0x39 build/network.o
 .ARM.attributes
                0x00000000000000c8       0x39 build/app_x-cube-ai.o
 .ARM.attributes
                0x0000000000000101       0x39 build/main.o
 .ARM.attributes
                0x000000000000013a       0x39 build/stm32g4xx_it.o
 .ARM.attributes
                0x0000000000000173       0x39 build/stm32g4xx_hal_msp.o
 .ARM.attributes
                0x00000000000001ac       0x39 build/stm32g4xx_hal_crc.o
 .ARM.attributes
                0x00000000000001e5       0x39 build/stm32g4xx_hal_crc_ex.o
 .ARM.attributes
                0x000000000000021e       0x39 build/stm32g4xx_hal.o
 .ARM.attributes
                0x0000000000000257       0x39 build/stm32g4xx_hal_rcc.o
 .ARM.attributes
                0x0000000000000290       0x39 build/stm32g4xx_hal_gpio.o
 .ARM.attributes
                0x00000000000002c9       0x39 build/stm32g4xx_hal_pwr_ex.o
 .ARM.attributes
                0x0000000000000302       0x39 build/stm32g4xx_hal_cortex.o
 .ARM.attributes
                0x000000000000033b       0x39 build/system_stm32g4xx.o
 .ARM.attributes
                0x0000000000000374       0x21 build/startup_stm32g474xx.o
 .ARM.attributes
                0x0000000000000395       0x34 /usr/lib/gcc/arm-none-eabi/6.3.1/../../../arm-none-eabi/lib/thumb/v7e-m/fpv4-sp/hard/libc_nano.a(lib_a-impure.o)
 .ARM.attributes
                0x00000000000003c9       0x34 /usr/lib/gcc/arm-none-eabi/6.3.1/../../../arm-none-eabi/lib/thumb/v7e-m/fpv4-sp/hard/libc_nano.a(lib_a-init.o)
 .ARM.attributes
                0x00000000000003fd       0x20 /usr/lib/gcc/arm-none-eabi/6.3.1/../../../arm-none-eabi/lib/thumb/v7e-m/fpv4-sp/hard/libc_nano.a(lib_a-memcpy.o)
 .ARM.attributes
                0x000000000000041d       0x34 /usr/lib/gcc/arm-none-eabi/6.3.1/../../../arm-none-eabi/lib/thumb/v7e-m/fpv4-sp/hard/libc_nano.a(lib_a-memset.o)
 .ARM.attributes
                0x0000000000000451       0x34 /usr/lib/gcc/arm-none-eabi/6.3.1/../../../arm-none-eabi/lib/thumb/v7e-m/fpv4-sp/hard/libc_nano.a(lib_a-printf.o)
 .ARM.attributes
                0x0000000000000485       0x34 /usr/lib/gcc/arm-none-eabi/6.3.1/../../../arm-none-eabi/lib/thumb/v7e-m/fpv4-sp/hard/libc_nano.a(lib_a-puts.o)
 .ARM.attributes
                0x00000000000004b9       0x34 /usr/lib/gcc/arm-none-eabi/6.3.1/../../../arm-none-eabi/lib/thumb/v7e-m/fpv4-sp/hard/libc_nano.a(lib_a-wbuf.o)
 .ARM.attributes
                0x00000000000004ed       0x34 /usr/lib/gcc/arm-none-eabi/6.3.1/../../../arm-none-eabi/lib/thumb/v7e-m/fpv4-sp/hard/libc_nano.a(lib_a-wsetup.o)
 .ARM.attributes
                0x0000000000000521       0x34 /usr/lib/gcc/arm-none-eabi/6.3.1/../../../arm-none-eabi/lib/thumb/v7e-m/fpv4-sp/hard/libc_nano.a(lib_a-fflush.o)
 .ARM.attributes
                0x0000000000000555       0x34 /usr/lib/gcc/arm-none-eabi/6.3.1/../../../arm-none-eabi/lib/thumb/v7e-m/fpv4-sp/hard/libc_nano.a(lib_a-findfp.o)
 .ARM.attributes
                0x0000000000000589       0x34 /usr/lib/gcc/arm-none-eabi/6.3.1/../../../arm-none-eabi/lib/thumb/v7e-m/fpv4-sp/hard/libc_nano.a(lib_a-fwalk.o)
 .ARM.attributes
                0x00000000000005bd       0x34 /usr/lib/gcc/arm-none-eabi/6.3.1/../../../arm-none-eabi/lib/thumb/v7e-m/fpv4-sp/hard/libc_nano.a(lib_a-makebuf.o)
 .ARM.attributes
                0x00000000000005f1       0x34 /usr/lib/gcc/arm-none-eabi/6.3.1/../../../arm-none-eabi/lib/thumb/v7e-m/fpv4-sp/hard/libc_nano.a(lib_a-nano-freer.o)
 .ARM.attributes
                0x0000000000000625       0x34 /usr/lib/gcc/arm-none-eabi/6.3.1/../../../arm-none-eabi/lib/thumb/v7e-m/fpv4-sp/hard/libc_nano.a(lib_a-nano-mallocr.o)
 .ARM.attributes
                0x0000000000000659       0x34 /usr/lib/gcc/arm-none-eabi/6.3.1/../../../arm-none-eabi/lib/thumb/v7e-m/fpv4-sp/hard/libc_nano.a(lib_a-nano-vfprintf.o)
 .ARM.attributes
                0x000000000000068d       0x34 /usr/lib/gcc/arm-none-eabi/6.3.1/../../../arm-none-eabi/lib/thumb/v7e-m/fpv4-sp/hard/libc_nano.a(lib_a-nano-vfprintf_i.o)
 .ARM.attributes
                0x00000000000006c1       0x34 /usr/lib/gcc/arm-none-eabi/6.3.1/../../../arm-none-eabi/lib/thumb/v7e-m/fpv4-sp/hard/libc_nano.a(lib_a-sbrkr.o)
 .ARM.attributes
                0x00000000000006f5       0x34 /usr/lib/gcc/arm-none-eabi/6.3.1/../../../arm-none-eabi/lib/thumb/v7e-m/fpv4-sp/hard/libc_nano.a(lib_a-stdio.o)
 .ARM.attributes
                0x0000000000000729       0x34 /usr/lib/gcc/arm-none-eabi/6.3.1/../../../arm-none-eabi/lib/thumb/v7e-m/fpv4-sp/hard/libc_nano.a(lib_a-writer.o)
 .ARM.attributes
                0x000000000000075d       0x34 /usr/lib/gcc/arm-none-eabi/6.3.1/../../../arm-none-eabi/lib/thumb/v7e-m/fpv4-sp/hard/libc_nano.a(lib_a-closer.o)
 .ARM.attributes
                0x0000000000000791       0x34 /usr/lib/gcc/arm-none-eabi/6.3.1/../../../arm-none-eabi/lib/thumb/v7e-m/fpv4-sp/hard/libc_nano.a(lib_a-fstatr.o)
 .ARM.attributes
                0x00000000000007c5       0x34 /usr/lib/gcc/arm-none-eabi/6.3.1/../../../arm-none-eabi/lib/thumb/v7e-m/fpv4-sp/hard/libc_nano.a(lib_a-fvwrite.o)
 .ARM.attributes
                0x00000000000007f9       0x34 /usr/lib/gcc/arm-none-eabi/6.3.1/../../../arm-none-eabi/lib/thumb/v7e-m/fpv4-sp/hard/libc_nano.a(lib_a-isattyr.o)
 .ARM.attributes
                0x000000000000082d       0x34 /usr/lib/gcc/arm-none-eabi/6.3.1/../../../arm-none-eabi/lib/thumb/v7e-m/fpv4-sp/hard/libc_nano.a(lib_a-lseekr.o)
 .ARM.attributes
                0x0000000000000861       0x20 /usr/lib/gcc/arm-none-eabi/6.3.1/../../../arm-none-eabi/lib/thumb/v7e-m/fpv4-sp/hard/libc_nano.a(lib_a-memchr.o)
 .ARM.attributes
                0x0000000000000881       0x34 /usr/lib/gcc/arm-none-eabi/6.3.1/../../../arm-none-eabi/lib/thumb/v7e-m/fpv4-sp/hard/libc_nano.a(lib_a-memmove.o)
 .ARM.attributes
                0x00000000000008b5       0x34 /usr/lib/gcc/arm-none-eabi/6.3.1/../../../arm-none-eabi/lib/thumb/v7e-m/fpv4-sp/hard/libc_nano.a(lib_a-nano-reallocr.o)
 .ARM.attributes
                0x00000000000008e9       0x34 /usr/lib/gcc/arm-none-eabi/6.3.1/../../../arm-none-eabi/lib/thumb/v7e-m/fpv4-sp/hard/libc_nano.a(lib_a-readr.o)
 .ARM.attributes
                0x000000000000091d       0x34 /usr/lib/gcc/arm-none-eabi/6.3.1/../../../arm-none-eabi/lib/thumb/v7e-m/fpv4-sp/hard/libc_nano.a(lib_a-reent.o)
 .ARM.attributes
                0x0000000000000951       0x34 /usr/lib/gcc/arm-none-eabi/6.3.1/../../../arm-none-eabi/lib/thumb/v7e-m/fpv4-sp/hard/libc_nano.a(lib_a-nano-msizer.o)
 .ARM.attributes
                0x0000000000000985       0x34 /usr/lib/gcc/arm-none-eabi/6.3.1/../../../arm-none-eabi/lib/thumb/v7e-m/fpv4-sp/hard/libnosys.a(close.o)
 .ARM.attributes
                0x00000000000009b9       0x34 /usr/lib/gcc/arm-none-eabi/6.3.1/../../../arm-none-eabi/lib/thumb/v7e-m/fpv4-sp/hard/libnosys.a(fstat.o)
 .ARM.attributes
                0x00000000000009ed       0x34 /usr/lib/gcc/arm-none-eabi/6.3.1/../../../arm-none-eabi/lib/thumb/v7e-m/fpv4-sp/hard/libnosys.a(isatty.o)
 .ARM.attributes
                0x0000000000000a21       0x34 /usr/lib/gcc/arm-none-eabi/6.3.1/../../../arm-none-eabi/lib/thumb/v7e-m/fpv4-sp/hard/libnosys.a(lseek.o)
 .ARM.attributes
                0x0000000000000a55       0x34 /usr/lib/gcc/arm-none-eabi/6.3.1/../../../arm-none-eabi/lib/thumb/v7e-m/fpv4-sp/hard/libnosys.a(read.o)
 .ARM.attributes
                0x0000000000000a89       0x34 /usr/lib/gcc/arm-none-eabi/6.3.1/../../../arm-none-eabi/lib/thumb/v7e-m/fpv4-sp/hard/libnosys.a(sbrk.o)
 .ARM.attributes
                0x0000000000000abd       0x34 /usr/lib/gcc/arm-none-eabi/6.3.1/../../../arm-none-eabi/lib/thumb/v7e-m/fpv4-sp/hard/libnosys.a(write.o)
 .ARM.attributes
                0x0000000000000af1       0x35 Middlewares/ST/AI/Lib/NetworkRuntime700_CM4_GCC.a(ai_platform_interface.o)
 .ARM.attributes
                0x0000000000000b26       0x35 Middlewares/ST/AI/Lib/NetworkRuntime700_CM4_GCC.a(core_common.o)
 .ARM.attributes
                0x0000000000000b5b       0x35 Middlewares/ST/AI/Lib/NetworkRuntime700_CM4_GCC.a(layers_conv2d_generic_float.o)
 .ARM.attributes
                0x0000000000000b90       0x35 Middlewares/ST/AI/Lib/NetworkRuntime700_CM4_GCC.a(layers_nl_generic_float.o)
 .ARM.attributes
                0x0000000000000bc5       0x35 Middlewares/ST/AI/Lib/NetworkRuntime700_CM4_GCC.a(layers_pool_generic_float.o)
 .ARM.attributes
                0x0000000000000bfa       0x35 Middlewares/ST/AI/Lib/NetworkRuntime700_CM4_GCC.a(layers.o)
 .ARM.attributes
                0x0000000000000c2f       0x35 Middlewares/ST/AI/Lib/NetworkRuntime700_CM4_GCC.a(ai_datatypes_format.o)
 .ARM.attributes
                0x0000000000000c64       0x34 /usr/lib/gcc/arm-none-eabi/6.3.1/../../../arm-none-eabi/lib/thumb/v7e-m/fpv4-sp/hard/libm.a(lib_a-wf_exp.o)
 .ARM.attributes
                0x0000000000000c98       0x34 /usr/lib/gcc/arm-none-eabi/6.3.1/../../../arm-none-eabi/lib/thumb/v7e-m/fpv4-sp/hard/libm.a(lib_a-ef_exp.o)
 .ARM.attributes
                0x0000000000000ccc       0x34 /usr/lib/gcc/arm-none-eabi/6.3.1/../../../arm-none-eabi/lib/thumb/v7e-m/fpv4-sp/hard/libm.a(lib_a-s_lib_ver.o)
 .ARM.attributes
                0x0000000000000d00       0x34 /usr/lib/gcc/arm-none-eabi/6.3.1/../../../arm-none-eabi/lib/thumb/v7e-m/fpv4-sp/hard/libm.a(lib_a-s_matherr.o)
 .ARM.attributes
                0x0000000000000d34       0x34 /usr/lib/gcc/arm-none-eabi/6.3.1/../../../arm-none-eabi/lib/thumb/v7e-m/fpv4-sp/hard/libm.a(lib_a-sf_finite.o)
 .ARM.attributes
                0x0000000000000d68       0x34 /usr/lib/gcc/arm-none-eabi/6.3.1/../../../arm-none-eabi/lib/thumb/v7e-m/fpv4-sp/hard/libc_nano.a(lib_a-errno.o)
 .ARM.attributes
                0x0000000000000d9c       0x22 /usr/lib/gcc/arm-none-eabi/6.3.1/thumb/v7e-m/fpv4-sp/hard/libgcc.a(_arm_addsubdf3.o)
 .ARM.attributes
                0x0000000000000dbe       0x22 /usr/lib/gcc/arm-none-eabi/6.3.1/thumb/v7e-m/fpv4-sp/hard/libgcc.a(_arm_truncdfsf2.o)
 .ARM.attributes
                0x0000000000000de0       0x34 /usr/lib/gcc/arm-none-eabi/6.3.1/thumb/v7e-m/fpv4-sp/hard/crtend.o
 .ARM.attributes
                0x0000000000000e14       0x22 /usr/lib/gcc/arm-none-eabi/6.3.1/thumb/v7e-m/fpv4-sp/hard/crtn.o
OUTPUT(build/digitTest.elf elf32-littlearm)

.comment        0x0000000000000000       0xac
 .comment       0x0000000000000000       0x31 /usr/lib/gcc/arm-none-eabi/6.3.1/thumb/v7e-m/fpv4-sp/hard/crtbegin.o
                                         0x32 (size before relaxing)
 .comment       0x0000000000000031       0x32 build/network_data.o
 .comment       0x0000000000000031       0x32 build/network.o
 .comment       0x0000000000000031       0x32 build/app_x-cube-ai.o
 .comment       0x0000000000000031       0x32 build/main.o
 .comment       0x0000000000000031       0x32 build/stm32g4xx_it.o
 .comment       0x0000000000000031       0x32 build/stm32g4xx_hal_msp.o
 .comment       0x0000000000000031       0x32 build/stm32g4xx_hal_crc.o
 .comment       0x0000000000000031       0x32 build/stm32g4xx_hal_crc_ex.o
 .comment       0x0000000000000031       0x32 build/stm32g4xx_hal.o
 .comment       0x0000000000000031       0x32 build/stm32g4xx_hal_rcc.o
 .comment       0x0000000000000031       0x32 build/stm32g4xx_hal_gpio.o
 .comment       0x0000000000000031       0x32 build/stm32g4xx_hal_pwr_ex.o
 .comment       0x0000000000000031       0x32 build/stm32g4xx_hal_cortex.o
 .comment       0x0000000000000031       0x32 build/system_stm32g4xx.o
 .comment       0x0000000000000031       0x32 /usr/lib/gcc/arm-none-eabi/6.3.1/../../../arm-none-eabi/lib/thumb/v7e-m/fpv4-sp/hard/libc_nano.a(lib_a-impure.o)
 .comment       0x0000000000000031       0x32 /usr/lib/gcc/arm-none-eabi/6.3.1/../../../arm-none-eabi/lib/thumb/v7e-m/fpv4-sp/hard/libc_nano.a(lib_a-init.o)
 .comment       0x0000000000000031       0x32 /usr/lib/gcc/arm-none-eabi/6.3.1/../../../arm-none-eabi/lib/thumb/v7e-m/fpv4-sp/hard/libc_nano.a(lib_a-memset.o)
 .comment       0x0000000000000031       0x32 /usr/lib/gcc/arm-none-eabi/6.3.1/../../../arm-none-eabi/lib/thumb/v7e-m/fpv4-sp/hard/libc_nano.a(lib_a-printf.o)
 .comment       0x0000000000000031       0x32 /usr/lib/gcc/arm-none-eabi/6.3.1/../../../arm-none-eabi/lib/thumb/v7e-m/fpv4-sp/hard/libc_nano.a(lib_a-puts.o)
 .comment       0x0000000000000031       0x32 /usr/lib/gcc/arm-none-eabi/6.3.1/../../../arm-none-eabi/lib/thumb/v7e-m/fpv4-sp/hard/libc_nano.a(lib_a-wbuf.o)
 .comment       0x0000000000000031       0x32 /usr/lib/gcc/arm-none-eabi/6.3.1/../../../arm-none-eabi/lib/thumb/v7e-m/fpv4-sp/hard/libc_nano.a(lib_a-wsetup.o)
 .comment       0x0000000000000031       0x32 /usr/lib/gcc/arm-none-eabi/6.3.1/../../../arm-none-eabi/lib/thumb/v7e-m/fpv4-sp/hard/libc_nano.a(lib_a-fflush.o)
 .comment       0x0000000000000031       0x32 /usr/lib/gcc/arm-none-eabi/6.3.1/../../../arm-none-eabi/lib/thumb/v7e-m/fpv4-sp/hard/libc_nano.a(lib_a-findfp.o)
 .comment       0x0000000000000031       0x32 /usr/lib/gcc/arm-none-eabi/6.3.1/../../../arm-none-eabi/lib/thumb/v7e-m/fpv4-sp/hard/libc_nano.a(lib_a-fwalk.o)
 .comment       0x0000000000000031       0x32 /usr/lib/gcc/arm-none-eabi/6.3.1/../../../arm-none-eabi/lib/thumb/v7e-m/fpv4-sp/hard/libc_nano.a(lib_a-makebuf.o)
 .comment       0x0000000000000031       0x32 /usr/lib/gcc/arm-none-eabi/6.3.1/../../../arm-none-eabi/lib/thumb/v7e-m/fpv4-sp/hard/libc_nano.a(lib_a-nano-freer.o)
 .comment       0x0000000000000031       0x32 /usr/lib/gcc/arm-none-eabi/6.3.1/../../../arm-none-eabi/lib/thumb/v7e-m/fpv4-sp/hard/libc_nano.a(lib_a-nano-mallocr.o)
 .comment       0x0000000000000031       0x32 /usr/lib/gcc/arm-none-eabi/6.3.1/../../../arm-none-eabi/lib/thumb/v7e-m/fpv4-sp/hard/libc_nano.a(lib_a-nano-vfprintf.o)
 .comment       0x0000000000000031       0x32 /usr/lib/gcc/arm-none-eabi/6.3.1/../../../arm-none-eabi/lib/thumb/v7e-m/fpv4-sp/hard/libc_nano.a(lib_a-nano-vfprintf_i.o)
 .comment       0x0000000000000031       0x32 /usr/lib/gcc/arm-none-eabi/6.3.1/../../../arm-none-eabi/lib/thumb/v7e-m/fpv4-sp/hard/libc_nano.a(lib_a-sbrkr.o)
 .comment       0x0000000000000031       0x32 /usr/lib/gcc/arm-none-eabi/6.3.1/../../../arm-none-eabi/lib/thumb/v7e-m/fpv4-sp/hard/libc_nano.a(lib_a-stdio.o)
 .comment       0x0000000000000031       0x32 /usr/lib/gcc/arm-none-eabi/6.3.1/../../../arm-none-eabi/lib/thumb/v7e-m/fpv4-sp/hard/libc_nano.a(lib_a-writer.o)
 .comment       0x0000000000000031       0x32 /usr/lib/gcc/arm-none-eabi/6.3.1/../../../arm-none-eabi/lib/thumb/v7e-m/fpv4-sp/hard/libc_nano.a(lib_a-closer.o)
 .comment       0x0000000000000031       0x32 /usr/lib/gcc/arm-none-eabi/6.3.1/../../../arm-none-eabi/lib/thumb/v7e-m/fpv4-sp/hard/libc_nano.a(lib_a-fstatr.o)
 .comment       0x0000000000000031       0x32 /usr/lib/gcc/arm-none-eabi/6.3.1/../../../arm-none-eabi/lib/thumb/v7e-m/fpv4-sp/hard/libc_nano.a(lib_a-fvwrite.o)
 .comment       0x0000000000000031       0x32 /usr/lib/gcc/arm-none-eabi/6.3.1/../../../arm-none-eabi/lib/thumb/v7e-m/fpv4-sp/hard/libc_nano.a(lib_a-isattyr.o)
 .comment       0x0000000000000031       0x32 /usr/lib/gcc/arm-none-eabi/6.3.1/../../../arm-none-eabi/lib/thumb/v7e-m/fpv4-sp/hard/libc_nano.a(lib_a-lseekr.o)
 .comment       0x0000000000000031       0x32 /usr/lib/gcc/arm-none-eabi/6.3.1/../../../arm-none-eabi/lib/thumb/v7e-m/fpv4-sp/hard/libc_nano.a(lib_a-memmove.o)
 .comment       0x0000000000000031       0x32 /usr/lib/gcc/arm-none-eabi/6.3.1/../../../arm-none-eabi/lib/thumb/v7e-m/fpv4-sp/hard/libc_nano.a(lib_a-nano-reallocr.o)
 .comment       0x0000000000000031       0x32 /usr/lib/gcc/arm-none-eabi/6.3.1/../../../arm-none-eabi/lib/thumb/v7e-m/fpv4-sp/hard/libc_nano.a(lib_a-readr.o)
 .comment       0x0000000000000031       0x32 /usr/lib/gcc/arm-none-eabi/6.3.1/../../../arm-none-eabi/lib/thumb/v7e-m/fpv4-sp/hard/libc_nano.a(lib_a-reent.o)
 .comment       0x0000000000000031       0x32 /usr/lib/gcc/arm-none-eabi/6.3.1/../../../arm-none-eabi/lib/thumb/v7e-m/fpv4-sp/hard/libc_nano.a(lib_a-nano-msizer.o)
 .comment       0x0000000000000031       0x32 /usr/lib/gcc/arm-none-eabi/6.3.1/../../../arm-none-eabi/lib/thumb/v7e-m/fpv4-sp/hard/libnosys.a(close.o)
 .comment       0x0000000000000031       0x32 /usr/lib/gcc/arm-none-eabi/6.3.1/../../../arm-none-eabi/lib/thumb/v7e-m/fpv4-sp/hard/libnosys.a(fstat.o)
 .comment       0x0000000000000031       0x32 /usr/lib/gcc/arm-none-eabi/6.3.1/../../../arm-none-eabi/lib/thumb/v7e-m/fpv4-sp/hard/libnosys.a(isatty.o)
 .comment       0x0000000000000031       0x32 /usr/lib/gcc/arm-none-eabi/6.3.1/../../../arm-none-eabi/lib/thumb/v7e-m/fpv4-sp/hard/libnosys.a(lseek.o)
 .comment       0x0000000000000031       0x32 /usr/lib/gcc/arm-none-eabi/6.3.1/../../../arm-none-eabi/lib/thumb/v7e-m/fpv4-sp/hard/libnosys.a(read.o)
 .comment       0x0000000000000031       0x32 /usr/lib/gcc/arm-none-eabi/6.3.1/../../../arm-none-eabi/lib/thumb/v7e-m/fpv4-sp/hard/libnosys.a(sbrk.o)
 .comment       0x0000000000000031       0x32 /usr/lib/gcc/arm-none-eabi/6.3.1/../../../arm-none-eabi/lib/thumb/v7e-m/fpv4-sp/hard/libnosys.a(write.o)
 .comment       0x0000000000000031       0x7b Middlewares/ST/AI/Lib/NetworkRuntime700_CM4_GCC.a(ai_platform_interface.o)
                                         0x7c (size before relaxing)
 .comment       0x00000000000000ac       0x7c Middlewares/ST/AI/Lib/NetworkRuntime700_CM4_GCC.a(core_common.o)
 .comment       0x00000000000000ac       0x7c Middlewares/ST/AI/Lib/NetworkRuntime700_CM4_GCC.a(layers_conv2d_generic_float.o)
 .comment       0x00000000000000ac       0x7c Middlewares/ST/AI/Lib/NetworkRuntime700_CM4_GCC.a(layers_nl_generic_float.o)
 .comment       0x00000000000000ac       0x7c Middlewares/ST/AI/Lib/NetworkRuntime700_CM4_GCC.a(layers_pool_generic_float.o)
 .comment       0x00000000000000ac       0x7c Middlewares/ST/AI/Lib/NetworkRuntime700_CM4_GCC.a(layers.o)
 .comment       0x00000000000000ac       0x7c Middlewares/ST/AI/Lib/NetworkRuntime700_CM4_GCC.a(ai_datatypes_format.o)
 .comment       0x00000000000000ac       0x32 /usr/lib/gcc/arm-none-eabi/6.3.1/../../../arm-none-eabi/lib/thumb/v7e-m/fpv4-sp/hard/libm.a(lib_a-wf_exp.o)
 .comment       0x00000000000000ac       0x32 /usr/lib/gcc/arm-none-eabi/6.3.1/../../../arm-none-eabi/lib/thumb/v7e-m/fpv4-sp/hard/libm.a(lib_a-ef_exp.o)
 .comment       0x00000000000000ac       0x32 /usr/lib/gcc/arm-none-eabi/6.3.1/../../../arm-none-eabi/lib/thumb/v7e-m/fpv4-sp/hard/libm.a(lib_a-s_lib_ver.o)
 .comment       0x00000000000000ac       0x32 /usr/lib/gcc/arm-none-eabi/6.3.1/../../../arm-none-eabi/lib/thumb/v7e-m/fpv4-sp/hard/libm.a(lib_a-s_matherr.o)
 .comment       0x00000000000000ac       0x32 /usr/lib/gcc/arm-none-eabi/6.3.1/../../../arm-none-eabi/lib/thumb/v7e-m/fpv4-sp/hard/libm.a(lib_a-sf_finite.o)
 .comment       0x00000000000000ac       0x32 /usr/lib/gcc/arm-none-eabi/6.3.1/../../../arm-none-eabi/lib/thumb/v7e-m/fpv4-sp/hard/libc_nano.a(lib_a-errno.o)
 .comment       0x00000000000000ac       0x32 /usr/lib/gcc/arm-none-eabi/6.3.1/thumb/v7e-m/fpv4-sp/hard/crtend.o

.debug_info     0x0000000000000000    0x267cb
 .debug_info    0x0000000000000000      0xeb9 build/network_data.o
 .debug_info    0x0000000000000eb9     0x24ee build/network.o
 .debug_info    0x00000000000033a7     0x16a8 build/app_x-cube-ai.o
 .debug_info    0x0000000000004a4f      0xbfb build/main.o
 .debug_info    0x000000000000564a      0x358 build/stm32g4xx_it.o
 .debug_info    0x00000000000059a2      0x749 build/stm32g4xx_hal_msp.o
 .debug_info    0x00000000000060eb      0x77e build/stm32g4xx_hal_crc.o
 .debug_info    0x0000000000006869      0x511 build/stm32g4xx_hal_crc_ex.o
 .debug_info    0x0000000000006d7a      0xe5e build/stm32g4xx_hal.o
 .debug_info    0x0000000000007bd8     0x107c build/stm32g4xx_hal_rcc.o
 .debug_info    0x0000000000008c54      0xa66 build/stm32g4xx_hal_gpio.o
 .debug_info    0x00000000000096ba      0xc20 build/stm32g4xx_hal_pwr_ex.o
 .debug_info    0x000000000000a2da     0x11d0 build/stm32g4xx_hal_cortex.o
 .debug_info    0x000000000000b4aa      0x763 build/system_stm32g4xx.o
 .debug_info    0x000000000000bc0d       0x5f build/startup_stm32g474xx.o
 .debug_info    0x000000000000bc6c      0x8a0 /usr/lib/gcc/arm-none-eabi/6.3.1/../../../arm-none-eabi/lib/thumb/v7e-m/fpv4-sp/hard/libc_nano.a(lib_a-impure.o)
 .debug_info    0x000000000000c50c      0x110 /usr/lib/gcc/arm-none-eabi/6.3.1/../../../arm-none-eabi/lib/thumb/v7e-m/fpv4-sp/hard/libc_nano.a(lib_a-init.o)
 .debug_info    0x000000000000c61c       0xe1 /usr/lib/gcc/arm-none-eabi/6.3.1/../../../arm-none-eabi/lib/thumb/v7e-m/fpv4-sp/hard/libc_nano.a(lib_a-memcpy.o)
 .debug_info    0x000000000000c6fd      0x916 /usr/lib/gcc/arm-none-eabi/6.3.1/../../../arm-none-eabi/lib/thumb/v7e-m/fpv4-sp/hard/libc_nano.a(lib_a-memset.o)
 .debug_info    0x000000000000d013      0xbb0 /usr/lib/gcc/arm-none-eabi/6.3.1/../../../arm-none-eabi/lib/thumb/v7e-m/fpv4-sp/hard/libc_nano.a(lib_a-printf.o)
 .debug_info    0x000000000000dbc3      0xc31 /usr/lib/gcc/arm-none-eabi/6.3.1/../../../arm-none-eabi/lib/thumb/v7e-m/fpv4-sp/hard/libc_nano.a(lib_a-puts.o)
 .debug_info    0x000000000000e7f4      0xbc9 /usr/lib/gcc/arm-none-eabi/6.3.1/../../../arm-none-eabi/lib/thumb/v7e-m/fpv4-sp/hard/libc_nano.a(lib_a-wbuf.o)
 .debug_info    0x000000000000f3bd      0xb48 /usr/lib/gcc/arm-none-eabi/6.3.1/../../../arm-none-eabi/lib/thumb/v7e-m/fpv4-sp/hard/libc_nano.a(lib_a-wsetup.o)
 .debug_info    0x000000000000ff05      0xc8a /usr/lib/gcc/arm-none-eabi/6.3.1/../../../arm-none-eabi/lib/thumb/v7e-m/fpv4-sp/hard/libc_nano.a(lib_a-fflush.o)
 .debug_info    0x0000000000010b8f      0xff9 /usr/lib/gcc/arm-none-eabi/6.3.1/../../../arm-none-eabi/lib/thumb/v7e-m/fpv4-sp/hard/libc_nano.a(lib_a-findfp.o)
 .debug_info    0x0000000000011b88      0xbc7 /usr/lib/gcc/arm-none-eabi/6.3.1/../../../arm-none-eabi/lib/thumb/v7e-m/fpv4-sp/hard/libc_nano.a(lib_a-fwalk.o)
 .debug_info    0x000000000001274f      0xe43 /usr/lib/gcc/arm-none-eabi/6.3.1/../../../arm-none-eabi/lib/thumb/v7e-m/fpv4-sp/hard/libc_nano.a(lib_a-makebuf.o)
 .debug_info    0x0000000000013592      0xa51 /usr/lib/gcc/arm-none-eabi/6.3.1/../../../arm-none-eabi/lib/thumb/v7e-m/fpv4-sp/hard/libc_nano.a(lib_a-nano-freer.o)
 .debug_info    0x0000000000013fe3      0xb1f /usr/lib/gcc/arm-none-eabi/6.3.1/../../../arm-none-eabi/lib/thumb/v7e-m/fpv4-sp/hard/libc_nano.a(lib_a-nano-mallocr.o)
 .debug_info    0x0000000000014b02     0x113f /usr/lib/gcc/arm-none-eabi/6.3.1/../../../arm-none-eabi/lib/thumb/v7e-m/fpv4-sp/hard/libc_nano.a(lib_a-nano-vfprintf.o)
 .debug_info    0x0000000000015c41      0xfb4 /usr/lib/gcc/arm-none-eabi/6.3.1/../../../arm-none-eabi/lib/thumb/v7e-m/fpv4-sp/hard/libc_nano.a(lib_a-nano-vfprintf_i.o)
 .debug_info    0x0000000000016bf5      0x955 /usr/lib/gcc/arm-none-eabi/6.3.1/../../../arm-none-eabi/lib/thumb/v7e-m/fpv4-sp/hard/libc_nano.a(lib_a-sbrkr.o)
 .debug_info    0x000000000001754a      0xd51 /usr/lib/gcc/arm-none-eabi/6.3.1/../../../arm-none-eabi/lib/thumb/v7e-m/fpv4-sp/hard/libc_nano.a(lib_a-stdio.o)
 .debug_info    0x000000000001829b      0x993 /usr/lib/gcc/arm-none-eabi/6.3.1/../../../arm-none-eabi/lib/thumb/v7e-m/fpv4-sp/hard/libc_nano.a(lib_a-writer.o)
 .debug_info    0x0000000000018c2e      0x94b /usr/lib/gcc/arm-none-eabi/6.3.1/../../../arm-none-eabi/lib/thumb/v7e-m/fpv4-sp/hard/libc_nano.a(lib_a-closer.o)
 .debug_info    0x0000000000019579      0xb5d /usr/lib/gcc/arm-none-eabi/6.3.1/../../../arm-none-eabi/lib/thumb/v7e-m/fpv4-sp/hard/libc_nano.a(lib_a-fstatr.o)
 .debug_info    0x000000000001a0d6      0xe12 /usr/lib/gcc/arm-none-eabi/6.3.1/../../../arm-none-eabi/lib/thumb/v7e-m/fpv4-sp/hard/libc_nano.a(lib_a-fvwrite.o)
 .debug_info    0x000000000001aee8      0x94b /usr/lib/gcc/arm-none-eabi/6.3.1/../../../arm-none-eabi/lib/thumb/v7e-m/fpv4-sp/hard/libc_nano.a(lib_a-isattyr.o)
 .debug_info    0x000000000001b833      0x976 /usr/lib/gcc/arm-none-eabi/6.3.1/../../../arm-none-eabi/lib/thumb/v7e-m/fpv4-sp/hard/libc_nano.a(lib_a-lseekr.o)
 .debug_info    0x000000000001c1a9       0xda /usr/lib/gcc/arm-none-eabi/6.3.1/../../../arm-none-eabi/lib/thumb/v7e-m/fpv4-sp/hard/libc_nano.a(lib_a-memchr.o)
 .debug_info    0x000000000001c283      0x925 /usr/lib/gcc/arm-none-eabi/6.3.1/../../../arm-none-eabi/lib/thumb/v7e-m/fpv4-sp/hard/libc_nano.a(lib_a-memmove.o)
 .debug_info    0x000000000001cba8      0xac0 /usr/lib/gcc/arm-none-eabi/6.3.1/../../../arm-none-eabi/lib/thumb/v7e-m/fpv4-sp/hard/libc_nano.a(lib_a-nano-reallocr.o)
 .debug_info    0x000000000001d668      0x98c /usr/lib/gcc/arm-none-eabi/6.3.1/../../../arm-none-eabi/lib/thumb/v7e-m/fpv4-sp/hard/libc_nano.a(lib_a-readr.o)
 .debug_info    0x000000000001dff4      0xa67 /usr/lib/gcc/arm-none-eabi/6.3.1/../../../arm-none-eabi/lib/thumb/v7e-m/fpv4-sp/hard/libc_nano.a(lib_a-reent.o)
 .debug_info    0x000000000001ea5b      0x9f7 /usr/lib/gcc/arm-none-eabi/6.3.1/../../../arm-none-eabi/lib/thumb/v7e-m/fpv4-sp/hard/libc_nano.a(lib_a-nano-msizer.o)
 .debug_info    0x000000000001f452      0x8e1 /usr/lib/gcc/arm-none-eabi/6.3.1/../../../arm-none-eabi/lib/thumb/v7e-m/fpv4-sp/hard/libnosys.a(close.o)
 .debug_info    0x000000000001fd33      0xaed /usr/lib/gcc/arm-none-eabi/6.3.1/../../../arm-none-eabi/lib/thumb/v7e-m/fpv4-sp/hard/libnosys.a(fstat.o)
 .debug_info    0x0000000000020820      0x8e1 /usr/lib/gcc/arm-none-eabi/6.3.1/../../../arm-none-eabi/lib/thumb/v7e-m/fpv4-sp/hard/libnosys.a(isatty.o)
 .debug_info    0x0000000000021101      0x8fd /usr/lib/gcc/arm-none-eabi/6.3.1/../../../arm-none-eabi/lib/thumb/v7e-m/fpv4-sp/hard/libnosys.a(lseek.o)
 .debug_info    0x00000000000219fe      0x8fd /usr/lib/gcc/arm-none-eabi/6.3.1/../../../arm-none-eabi/lib/thumb/v7e-m/fpv4-sp/hard/libnosys.a(read.o)
 .debug_info    0x00000000000222fb       0x90 /usr/lib/gcc/arm-none-eabi/6.3.1/../../../arm-none-eabi/lib/thumb/v7e-m/fpv4-sp/hard/libnosys.a(sbrk.o)
 .debug_info    0x000000000002238b      0x8fd /usr/lib/gcc/arm-none-eabi/6.3.1/../../../arm-none-eabi/lib/thumb/v7e-m/fpv4-sp/hard/libnosys.a(write.o)
 .debug_info    0x0000000000022c88      0xa38 /usr/lib/gcc/arm-none-eabi/6.3.1/../../../arm-none-eabi/lib/thumb/v7e-m/fpv4-sp/hard/libm.a(lib_a-wf_exp.o)
 .debug_info    0x00000000000236c0      0xb1d /usr/lib/gcc/arm-none-eabi/6.3.1/../../../arm-none-eabi/lib/thumb/v7e-m/fpv4-sp/hard/libm.a(lib_a-ef_exp.o)
 .debug_info    0x00000000000241dd      0x8cf /usr/lib/gcc/arm-none-eabi/6.3.1/../../../arm-none-eabi/lib/thumb/v7e-m/fpv4-sp/hard/libm.a(lib_a-s_lib_ver.o)
 .debug_info    0x0000000000024aac      0x95e /usr/lib/gcc/arm-none-eabi/6.3.1/../../../arm-none-eabi/lib/thumb/v7e-m/fpv4-sp/hard/libm.a(lib_a-s_matherr.o)
 .debug_info    0x000000000002540a      0x952 /usr/lib/gcc/arm-none-eabi/6.3.1/../../../arm-none-eabi/lib/thumb/v7e-m/fpv4-sp/hard/libm.a(lib_a-sf_finite.o)
 .debug_info    0x0000000000025d5c      0x8c7 /usr/lib/gcc/arm-none-eabi/6.3.1/../../../arm-none-eabi/lib/thumb/v7e-m/fpv4-sp/hard/libc_nano.a(lib_a-errno.o)
 .debug_info    0x0000000000026623       0xd4 /usr/lib/gcc/arm-none-eabi/6.3.1/thumb/v7e-m/fpv4-sp/hard/libgcc.a(_arm_addsubdf3.o)
 .debug_info    0x00000000000266f7       0xd4 /usr/lib/gcc/arm-none-eabi/6.3.1/thumb/v7e-m/fpv4-sp/hard/libgcc.a(_arm_truncdfsf2.o)

.debug_abbrev   0x0000000000000000     0x6e40
 .debug_abbrev  0x0000000000000000      0x223 build/network_data.o
 .debug_abbrev  0x0000000000000223      0x334 build/network.o
 .debug_abbrev  0x0000000000000557      0x326 build/app_x-cube-ai.o
 .debug_abbrev  0x000000000000087d      0x211 build/main.o
 .debug_abbrev  0x0000000000000a8e       0xfe build/stm32g4xx_it.o
 .debug_abbrev  0x0000000000000b8c      0x173 build/stm32g4xx_hal_msp.o
 .debug_abbrev  0x0000000000000cff      0x213 build/stm32g4xx_hal_crc.o
 .debug_abbrev  0x0000000000000f12      0x162 build/stm32g4xx_hal_crc_ex.o
 .debug_abbrev  0x0000000000001074      0x221 build/stm32g4xx_hal.o
 .debug_abbrev  0x0000000000001295      0x26f build/stm32g4xx_hal_rcc.o
 .debug_abbrev  0x0000000000001504      0x211 build/stm32g4xx_hal_gpio.o
 .debug_abbrev  0x0000000000001715      0x228 build/stm32g4xx_hal_pwr_ex.o
 .debug_abbrev  0x000000000000193d      0x330 build/stm32g4xx_hal_cortex.o
 .debug_abbrev  0x0000000000001c6d      0x144 build/system_stm32g4xx.o
 .debug_abbrev  0x0000000000001db1       0x12 build/startup_stm32g474xx.o
 .debug_abbrev  0x0000000000001dc3      0x153 /usr/lib/gcc/arm-none-eabi/6.3.1/../../../arm-none-eabi/lib/thumb/v7e-m/fpv4-sp/hard/libc_nano.a(lib_a-impure.o)
 .debug_abbrev  0x0000000000001f16       0xba /usr/lib/gcc/arm-none-eabi/6.3.1/../../../arm-none-eabi/lib/thumb/v7e-m/fpv4-sp/hard/libc_nano.a(lib_a-init.o)
 .debug_abbrev  0x0000000000001fd0       0x14 /usr/lib/gcc/arm-none-eabi/6.3.1/../../../arm-none-eabi/lib/thumb/v7e-m/fpv4-sp/hard/libc_nano.a(lib_a-memcpy.o)
 .debug_abbrev  0x0000000000001fe4      0x197 /usr/lib/gcc/arm-none-eabi/6.3.1/../../../arm-none-eabi/lib/thumb/v7e-m/fpv4-sp/hard/libc_nano.a(lib_a-memset.o)
 .debug_abbrev  0x000000000000217b      0x244 /usr/lib/gcc/arm-none-eabi/6.3.1/../../../arm-none-eabi/lib/thumb/v7e-m/fpv4-sp/hard/libc_nano.a(lib_a-printf.o)
 .debug_abbrev  0x00000000000023bf      0x28c /usr/lib/gcc/arm-none-eabi/6.3.1/../../../arm-none-eabi/lib/thumb/v7e-m/fpv4-sp/hard/libc_nano.a(lib_a-puts.o)
 .debug_abbrev  0x000000000000264b      0x243 /usr/lib/gcc/arm-none-eabi/6.3.1/../../../arm-none-eabi/lib/thumb/v7e-m/fpv4-sp/hard/libc_nano.a(lib_a-wbuf.o)
 .debug_abbrev  0x000000000000288e      0x1ff /usr/lib/gcc/arm-none-eabi/6.3.1/../../../arm-none-eabi/lib/thumb/v7e-m/fpv4-sp/hard/libc_nano.a(lib_a-wsetup.o)
 .debug_abbrev  0x0000000000002a8d      0x293 /usr/lib/gcc/arm-none-eabi/6.3.1/../../../arm-none-eabi/lib/thumb/v7e-m/fpv4-sp/hard/libc_nano.a(lib_a-fflush.o)
 .debug_abbrev  0x0000000000002d20      0x364 /usr/lib/gcc/arm-none-eabi/6.3.1/../../../arm-none-eabi/lib/thumb/v7e-m/fpv4-sp/hard/libc_nano.a(lib_a-findfp.o)
 .debug_abbrev  0x0000000000003084      0x1d4 /usr/lib/gcc/arm-none-eabi/6.3.1/../../../arm-none-eabi/lib/thumb/v7e-m/fpv4-sp/hard/libc_nano.a(lib_a-fwalk.o)
 .debug_abbrev  0x0000000000003258      0x2a3 /usr/lib/gcc/arm-none-eabi/6.3.1/../../../arm-none-eabi/lib/thumb/v7e-m/fpv4-sp/hard/libc_nano.a(lib_a-makebuf.o)
 .debug_abbrev  0x00000000000034fb      0x1ef /usr/lib/gcc/arm-none-eabi/6.3.1/../../../arm-none-eabi/lib/thumb/v7e-m/fpv4-sp/hard/libc_nano.a(lib_a-nano-freer.o)
 .debug_abbrev  0x00000000000036ea      0x274 /usr/lib/gcc/arm-none-eabi/6.3.1/../../../arm-none-eabi/lib/thumb/v7e-m/fpv4-sp/hard/libc_nano.a(lib_a-nano-mallocr.o)
 .debug_abbrev  0x000000000000395e      0x2eb /usr/lib/gcc/arm-none-eabi/6.3.1/../../../arm-none-eabi/lib/thumb/v7e-m/fpv4-sp/hard/libc_nano.a(lib_a-nano-vfprintf.o)
 .debug_abbrev  0x0000000000003c49      0x27c /usr/lib/gcc/arm-none-eabi/6.3.1/../../../arm-none-eabi/lib/thumb/v7e-m/fpv4-sp/hard/libc_nano.a(lib_a-nano-vfprintf_i.o)
 .debug_abbrev  0x0000000000003ec5      0x1d6 /usr/lib/gcc/arm-none-eabi/6.3.1/../../../arm-none-eabi/lib/thumb/v7e-m/fpv4-sp/hard/libc_nano.a(lib_a-sbrkr.o)
 .debug_abbrev  0x000000000000409b      0x237 /usr/lib/gcc/arm-none-eabi/6.3.1/../../../arm-none-eabi/lib/thumb/v7e-m/fpv4-sp/hard/libc_nano.a(lib_a-stdio.o)
 .debug_abbrev  0x00000000000042d2      0x1d6 /usr/lib/gcc/arm-none-eabi/6.3.1/../../../arm-none-eabi/lib/thumb/v7e-m/fpv4-sp/hard/libc_nano.a(lib_a-writer.o)
 .debug_abbrev  0x00000000000044a8      0x1d1 /usr/lib/gcc/arm-none-eabi/6.3.1/../../../arm-none-eabi/lib/thumb/v7e-m/fpv4-sp/hard/libc_nano.a(lib_a-closer.o)
 .debug_abbrev  0x0000000000004679      0x1e0 /usr/lib/gcc/arm-none-eabi/6.3.1/../../../arm-none-eabi/lib/thumb/v7e-m/fpv4-sp/hard/libc_nano.a(lib_a-fstatr.o)
 .debug_abbrev  0x0000000000004859      0x22e /usr/lib/gcc/arm-none-eabi/6.3.1/../../../arm-none-eabi/lib/thumb/v7e-m/fpv4-sp/hard/libc_nano.a(lib_a-fvwrite.o)
 .debug_abbrev  0x0000000000004a87      0x1d1 /usr/lib/gcc/arm-none-eabi/6.3.1/../../../arm-none-eabi/lib/thumb/v7e-m/fpv4-sp/hard/libc_nano.a(lib_a-isattyr.o)
 .debug_abbrev  0x0000000000004c58      0x1e0 /usr/lib/gcc/arm-none-eabi/6.3.1/../../../arm-none-eabi/lib/thumb/v7e-m/fpv4-sp/hard/libc_nano.a(lib_a-lseekr.o)
 .debug_abbrev  0x0000000000004e38       0x14 /usr/lib/gcc/arm-none-eabi/6.3.1/../../../arm-none-eabi/lib/thumb/v7e-m/fpv4-sp/hard/libc_nano.a(lib_a-memchr.o)
 .debug_abbrev  0x0000000000004e4c      0x19c /usr/lib/gcc/arm-none-eabi/6.3.1/../../../arm-none-eabi/lib/thumb/v7e-m/fpv4-sp/hard/libc_nano.a(lib_a-memmove.o)
 .debug_abbrev  0x0000000000004fe8      0x1ee /usr/lib/gcc/arm-none-eabi/6.3.1/../../../arm-none-eabi/lib/thumb/v7e-m/fpv4-sp/hard/libc_nano.a(lib_a-nano-reallocr.o)
 .debug_abbrev  0x00000000000051d6      0x1d1 /usr/lib/gcc/arm-none-eabi/6.3.1/../../../arm-none-eabi/lib/thumb/v7e-m/fpv4-sp/hard/libc_nano.a(lib_a-readr.o)
 .debug_abbrev  0x00000000000053a7      0x228 /usr/lib/gcc/arm-none-eabi/6.3.1/../../../arm-none-eabi/lib/thumb/v7e-m/fpv4-sp/hard/libc_nano.a(lib_a-reent.o)
 .debug_abbrev  0x00000000000055cf      0x1ab /usr/lib/gcc/arm-none-eabi/6.3.1/../../../arm-none-eabi/lib/thumb/v7e-m/fpv4-sp/hard/libc_nano.a(lib_a-nano-msizer.o)
 .debug_abbrev  0x000000000000577a      0x1b4 /usr/lib/gcc/arm-none-eabi/6.3.1/../../../arm-none-eabi/lib/thumb/v7e-m/fpv4-sp/hard/libnosys.a(close.o)
 .debug_abbrev  0x000000000000592e      0x1c5 /usr/lib/gcc/arm-none-eabi/6.3.1/../../../arm-none-eabi/lib/thumb/v7e-m/fpv4-sp/hard/libnosys.a(fstat.o)
 .debug_abbrev  0x0000000000005af3      0x1b4 /usr/lib/gcc/arm-none-eabi/6.3.1/../../../arm-none-eabi/lib/thumb/v7e-m/fpv4-sp/hard/libnosys.a(isatty.o)
 .debug_abbrev  0x0000000000005ca7      0x1d2 /usr/lib/gcc/arm-none-eabi/6.3.1/../../../arm-none-eabi/lib/thumb/v7e-m/fpv4-sp/hard/libnosys.a(lseek.o)
 .debug_abbrev  0x0000000000005e79      0x1d2 /usr/lib/gcc/arm-none-eabi/6.3.1/../../../arm-none-eabi/lib/thumb/v7e-m/fpv4-sp/hard/libnosys.a(read.o)
 .debug_abbrev  0x000000000000604b       0x92 /usr/lib/gcc/arm-none-eabi/6.3.1/../../../arm-none-eabi/lib/thumb/v7e-m/fpv4-sp/hard/libnosys.a(sbrk.o)